Archive member included to satisfy reference by file (symbol)

/Applications/VEXcode Pro V5.app/Contents/Resources/sdk/vexv5/libv5rt.a(v5_startup.c.obj)
                              (vexStartup)
/Applications/VEXcode Pro V5.app/Contents/Resources/sdk/vexv5/libv5rt.a(v5_util.c.obj)
                              /Applications/VEXcode Pro V5.app/Contents/Resources/sdk/vexv5/libv5rt.a(v5_startup.c.obj) (vexStdlibVersionLinked)
/Applications/VEXcode Pro V5.app/Contents/Resources/sdk/vexv5/libv5rt.a(v5_apijump.c.obj)
                              /Applications/VEXcode Pro V5.app/Contents/Resources/sdk/vexv5/libv5rt.a(v5_startup.c.obj) (vexPrivateApiEnable)
/Applications/VEXcode Pro V5.app/Contents/Resources/sdk/vexv5/libv5rt.a(v5_apiversions.c.obj)
                              /Applications/VEXcode Pro V5.app/Contents/Resources/sdk/vexv5/libv5rt.a(v5_apijump.c.obj) (vexSystemVersion)
/Applications/VEXcode Pro V5.app/Contents/Resources/sdk/vexv5/libv5rt.a(vex_global.cpp.obj)
                              build/src/drivetrain.o (vex::wait(double, vex::timeUnits))
/Applications/VEXcode Pro V5.app/Contents/Resources/sdk/vexv5/libv5rt.a(vex_motor.cpp.obj)
                              build/src/robot-config.o (vex::motor::~motor())
/Applications/VEXcode Pro V5.app/Contents/Resources/sdk/vexv5/libv5rt.a(vex_vision.cpp.obj)
                              build/src/robot-config.o (vex::vision::~vision())
/Applications/VEXcode Pro V5.app/Contents/Resources/sdk/vexv5/libv5rt.a(vex_imu.cpp.obj)
                              build/src/robot-config.o (vex::inertial::~inertial())
/Applications/VEXcode Pro V5.app/Contents/Resources/sdk/vexv5/libv5rt.a(vex_controller.cpp.obj)
                              build/src/robot-config.o (vex::controller::~controller())
/Applications/VEXcode Pro V5.app/Contents/Resources/sdk/vexv5/libv5rt.a(vex_thread.cpp.obj)
                              build/src/motionprofile.o (vex::thread::thread(int (*)()))
/Applications/VEXcode Pro V5.app/Contents/Resources/sdk/vexv5/libv5rt.a(vex_event.cpp.obj)
                              /Applications/VEXcode Pro V5.app/Contents/Resources/sdk/vexv5/libv5rt.a(vex_imu.cpp.obj) (vex::event::init(unsigned long, unsigned long, void (*)()))
/Applications/VEXcode Pro V5.app/Contents/Resources/sdk/vexv5/libv5rt.a(vex_mevent.cpp.obj)
                              /Applications/VEXcode Pro V5.app/Contents/Resources/sdk/vexv5/libv5rt.a(vex_controller.cpp.obj) (vex::mevent::mevent(unsigned long, unsigned long))
/Applications/VEXcode Pro V5.app/Contents/Resources/sdk/vexv5/libv5rt.a(vex_brain.cpp.obj)
                              build/src/main.o (vex::brain::lcd::setFont(vex::fontType))
/Applications/VEXcode Pro V5.app/Contents/Resources/sdk/vexv5/libv5rt.a(vex_competition.cpp.obj)
                              build/src/main.o (vex::competition::competition())
/Applications/VEXcode Pro V5.app/Contents/Resources/sdk/vexv5/libv5rt.a(vex_triport.cpp.obj)
                              /Applications/VEXcode Pro V5.app/Contents/Resources/sdk/vexv5/libv5rt.a(vex_brain.cpp.obj) (vex::triport::~triport())
/Applications/VEXcode Pro V5.app/Contents/Resources/sdk/vexv5/libv5rt.a(vex_color.cpp.obj)
                              build/src/main.o (vex::color::~color())
/Applications/VEXcode Pro V5.app/Contents/Resources/sdk/vexv5/libv5rt.a(vex_timer.cpp.obj)
                              build/src/mapping.o (vex::timer::~timer())
/Applications/VEXcode Pro V5.app/Contents/Resources/sdk/vexv5/libv5rt.a(v5_apiuser.c.obj)
                              /Applications/VEXcode Pro V5.app/Contents/Resources/sdk/vexv5/libv5rt.a(vex_triport.cpp.obj) (vexAdiPortConfigSet)
/Applications/VEXcode Pro V5.app/Contents/Resources/sdk/vexv5/libv5rt.a(vex_device.cpp.obj)
                              /Applications/VEXcode Pro V5.app/Contents/Resources/sdk/vexv5/libv5rt.a(vex_motor.cpp.obj) (vex::device::~device())
/Applications/VEXcode Pro V5.app/Contents/Resources/sdk/vexv5/libv5rt.a(vex_task.cpp.obj)
                              /Applications/VEXcode Pro V5.app/Contents/Resources/sdk/vexv5/libv5rt.a(vex_competition.cpp.obj) (vex::task::task(int (*)()))
/Applications/VEXcode Pro V5.app/Contents/Resources/sdk/vexv5/gcc/libs/libc.a(lib_a-aeabi_memcpy.o)
                              build/src/main.o (__aeabi_memcpy4)
/Applications/VEXcode Pro V5.app/Contents/Resources/sdk/vexv5/gcc/libs/libc.a(lib_a-fini.o)
                              /Applications/VEXcode Pro V5.app/Contents/Resources/sdk/vexv5/libv5rt.a(v5_startup.c.obj) (__libc_fini_array)
/Applications/VEXcode Pro V5.app/Contents/Resources/sdk/vexv5/gcc/libs/libc.a(lib_a-impure.o)
                              /Applications/VEXcode Pro V5.app/Contents/Resources/sdk/vexv5/libv5rt.a(v5_startup.c.obj) (_impure_ptr)
/Applications/VEXcode Pro V5.app/Contents/Resources/sdk/vexv5/gcc/libs/libc.a(lib_a-init.o)
                              /Applications/VEXcode Pro V5.app/Contents/Resources/sdk/vexv5/libv5rt.a(v5_startup.c.obj) (__libc_init_array)
[...]
Memory Configuration

Name             Origin             Length             Attributes
ps7_ddr_0_S_AXI_BASEADDR 0x0000000003800000 0x0000000004800000
*default*        0x0000000000000000 0xffffffffffffffff

Linker script and memory map

                0x0000000000002000                _STACK_SIZE = DEFINED (_STACK_SIZE)?_STACK_SIZE:0x2000
                0x0000000000100000                _HEAP_SIZE = DEFINED (_HEAP_SIZE)?_HEAP_SIZE:0x100000
                0x0000000000000400                _ABORT_STACK_SIZE = DEFINED (_ABORT_STACK_SIZE)?_ABORT_STACK_SIZE:0x400
                0x0000000000000800                _SUPERVISOR_STACK_SIZE = DEFINED (_SUPERVISOR_STACK_SIZE)?_SUPERVISOR_STACK_SIZE:0x800
                0x0000000000000400                _IRQ_STACK_SIZE = DEFINED (_IRQ_STACK_SIZE)?_IRQ_STACK_SIZE:0x400
                0x0000000000000400                _FIQ_STACK_SIZE = DEFINED (_FIQ_STACK_SIZE)?_FIQ_STACK_SIZE:0x400
                0x0000000000000400                _UNDEF_STACK_SIZE = DEFINED (_UNDEF_STACK_SIZE)?_UNDEF_STACK_SIZE:0x400

.text           0x0000000003800000     0x74d8
 *(.vectors)
 *(.boot_data)
 .boot_data     0x0000000003800000       0x20 /Applications/VEXcode Pro V5.app/Contents/Resources/sdk/vexv5/libv5rt.a(v5_startup.c.obj)
                0x0000000003800000                vexCodeSig
                0x0000000000000020                . = 0x20
 *(.boot)
 .boot          0x0000000003800020       0xbc /Applications/VEXcode Pro V5.app/Contents/Resources/sdk/vexv5/libv5rt.a(v5_startup.c.obj)
                0x0000000003800020                vexStartup
                0x0000000003800100                . = ALIGN (0x40)
 *fill*         0x00000000038000dc       0x24 
 *(.freertos_vectors)
 *(.text)
 *(.text.*)
 .text._Z11getAxis2Posv
                0x0000000003800100       0x3c build/src/controller.o
                0x0000000003800100                getAxis2Pos()
 .text._Z11getAxis3Posv
                0x000000000380013c       0x3c build/src/controller.o
                0x000000000380013c                getAxis3Pos()
 .text._Z11getAxis4Posv
                0x0000000003800178       0x3c build/src/controller.o
                0x0000000003800178                getAxis4Pos()
 .text._Z8getL1Posv
                0x00000000038001b4       0x10 build/src/controller.o
                0x00000000038001b4                getL1Pos()
 .text._Z8getL2Posv
                0x00000000038001c4       0x10 build/src/controller.o
                0x00000000038001c4                getL2Pos()
 .text._Z8getR1Posv
                0x00000000038001d4       0x10 build/src/controller.o
                0x00000000038001d4                getR1Pos()
 .text._Z8getR2Posv
                0x00000000038001e4       0x10 build/src/controller.o
                0x00000000038001e4                getR2Pos()
 .text._Z8getUpPosv
                0x00000000038001f4       0x10 build/src/controller.o
                0x00000000038001f4                getUpPos()
 .text._Z11getRightPosv
                0x0000000003800204       0x10 build/src/controller.o
                0x0000000003800204                getRightPos()
 .text._Z7getXPosv
                0x0000000003800214       0x10 build/src/controller.o
                0x0000000003800214                getXPos()
 .text._Z7getAPosv
                0x0000000003800224       0x10 build/src/controller.o
                0x0000000003800224                getAPos()
 .text._Z7getBPosv
                0x0000000003800234       0x10 build/src/controller.o
                0x0000000003800234                getBPos()
 .text._Z17drivetrainControlv
                0x0000000003800244       0x7c build/src/drivetrain.o
                0x0000000003800244                drivetrainControl()
 .text._Z18setDrivetrainSpeeddd
                0x00000000038002c0       0xe4 build/src/drivetrain.o
                0x00000000038002c0                setDrivetrainSpeed(double, double)
 *fill*         0x00000000038003a4        0x4 
 .text._Z16expansionReleasev
                0x00000000038003a8       0x80 build/src/drivetrain.o
                0x00000000038003a8                expansionRelease()
 .text._Z17setDrivetrainLockv
                0x0000000003800428       0x78 build/src/drivetrain.o
                0x0000000003800428                setDrivetrainLock()
 .text._Z18setDrivetrainCreepv
                0x00000000038004a0       0x78 build/src/drivetrain.o
                0x00000000038004a0                setDrivetrainCreep()
 .text._Z17setDrivetrainHoldv
                0x0000000003800518       0x78 build/src/drivetrain.o
                0x0000000003800518                setDrivetrainHold()
 .text._Z18getInertialHeadingv
                0x0000000003800590       0x10 build/src/drivetrain.o
                0x0000000003800590                getInertialHeading()
 .text._Z15resetDrivetrainv
                0x00000000038005a0       0x3c build/src/drivetrain.o
                0x00000000038005a0                resetDrivetrain()
 .text._Z9timeDrivedi
                0x00000000038005dc      0x144 build/src/drivetrain.o
                0x00000000038005dc                timeDrive(double, int)
 .text._Z7arcturnddd
                0x0000000003800720      0x1c8 build/src/drivetrain.o
                0x0000000003800720                arcturn(double, double, double)
 .text._Z8arcturn2ddd
                0x00000000038008e8      0x1c8 build/src/drivetrain.o
                0x00000000038008e8                arcturn2(double, double, double)
 .text._Z14drivetrainTurnd
                0x0000000003800ab0      0x3e8 build/src/drivetrain.o
                0x0000000003800ab0                drivetrainTurn(double)
 .text._Z15flywheelControlv
                0x0000000003800e98       0x38 build/src/flywheel.o
                0x0000000003800e98                flywheelControl()
 .text._Z16setflywheelSpeedv
                0x0000000003800ed0      0x138 build/src/flywheel.o
                0x0000000003800ed0                setflywheelSpeed()
 .text._Z14flywheelAdjustv
                0x0000000003801008       0xa4 build/src/flywheel.o
                0x0000000003801008                flywheelAdjust()
 .text._Z9flywheelPi
                0x00000000038010ac       0xac build/src/flywheel.o
                0x00000000038010ac                flywheelP(int)
 .text._Z14flywheelmanuald
                0x0000000003801158       0x48 build/src/flywheel.o
                0x0000000003801158                flywheelmanual(double)
 .text._Z14indexerControlv
                0x00000000038011a0       0x3c build/src/indexer.o
                0x00000000038011a0                indexerControl()
 .text._Z15setIndexerSpeedbb
                0x00000000038011dc       0x5c build/src/indexer.o
                0x00000000038011dc                setIndexerSpeed(bool, bool)
 .text._Z9shootDiscv
                0x0000000003801238       0xfc build/src/indexer.o
                0x0000000003801238                shootDisc()
 .text._Z15getIndexerStatev
                0x0000000003801334       0x10 build/src/indexer.o
                0x0000000003801334                getIndexerState()
 .text._Z13intakeControlv
                0x0000000003801344       0x34 build/src/intake.o
                0x0000000003801344                intakeControl()
 .text._Z17setIndexerControlv
                0x0000000003801378      0x170 build/src/intake.o
                0x0000000003801378                setIndexerControl()
 .text._Z14setIntakeSpeedd
                0x00000000038014e8       0x58 build/src/intake.o
                0x00000000038014e8                setIntakeSpeed(double)
 .text.__cxx_global_array_dtor
                0x0000000003801540       0x3c build/src/main.o
 .text._Z10autonomousv
                0x000000000380157c      0x130 build/src/main.o
                0x000000000380157c                autonomous()
 *fill*         0x00000000038016ac        0x4 
 .text.main     0x00000000038016b0      0x2c0 build/src/main.o
                0x00000000038016b0                main
 .text._ZN6Button6renderEv
                0x0000000003801970       0x58 build/src/main.o
                0x0000000003801970                Button::render()
 .text._ZN6Button9isClickedEv
                0x00000000038019c8       0xa0 build/src/main.o
                0x00000000038019c8                Button::isClicked()
 .text._GLOBAL__sub_I_main.cpp
                0x0000000003801a68      0x7b8 build/src/main.o
 .text._Z8indexnewid
                0x0000000003802220      0x200 build/src/mapping.o
                0x0000000003802220                indexnew(int, double)
 .text._Z12testflywheelii
                0x0000000003802420       0x70 build/src/mapping.o
                0x0000000003802420                testflywheel(int, int)
 .text._Z10leftrolleri
                0x0000000003802490      0x208 build/src/mapping.o
                0x0000000003802490                leftroller(int)
 .text._Z11bothrollersN3vex5colorENS_6vision9signatureEi
                0x0000000003802698       0xd8 build/src/mapping.o
                0x0000000003802698                bothrollers(vex::color, vex::vision::signature, int)
 .text._Z11rightrollerv
                0x0000000003802770      0x140 build/src/mapping.o
                0x0000000003802770                rightroller()
 .text._Z6skillsv
                0x00000000038028b0      0x2e8 build/src/mapping.o
                0x00000000038028b0                skills()
 .text._Z5moveldb
                0x0000000003802b98       0xd4 build/src/motionprofile.o
                0x0000000003802b98                movel(double, bool)
 .text._Z5moverdb
                0x0000000003802c6c       0xd4 build/src/motionprofile.o
                0x0000000003802c6c                mover(double, bool)
 .text._Z10acceleratev
                0x0000000003802d40      0x168 build/src/motionprofile.o
                0x0000000003802d40                accelerate()
 .text._Z10deceleratev
                0x0000000003802ea8      0x1c8 build/src/motionprofile.o
                0x0000000003802ea8                decelerate()
 .text._Z12driveProfileidb
                0x0000000003803070      0x698 build/src/motionprofile.o
                0x0000000003803070                driveProfile(int, double, bool)
 .text._Z9opcontrolv
                0x0000000003803708       0x78 build/src/opcontrol.o
                0x0000000003803708                opcontrol()
 .text._Z8preautonv
                0x0000000003803780       0x98 build/src/preaution.o
                0x0000000003803780                preauton()
 .text._ZN3vex6visionC2IJNS0_9signatureES2_EEElhDpRT_
                0x0000000003803818       0x40 build/src/robot-config.o
                0x0000000003803818                vex::vision::vision<vex::vision::signature, vex::vision::signature>(long, unsigned char, vex::vision::signature&, vex::vision::signature&)
 .text._Z11vexcodeInitv
                0x0000000003803858        0x4 build/src/robot-config.o
                0x0000000003803858                vexcodeInit()
 .text._GLOBAL__sub_I_robot_config.cpp
                0x000000000380385c      0x424 build/src/robot-config.o
 .text.vexMain  0x0000000003803c80       0xb0 /Applications/VEXcode Pro V5.app/Contents/Resources/sdk/vexv5/libv5rt.a(v5_startup.c.obj)
                0x0000000003803c80                vexMain
 .text.__vex_function_prolog
                0x0000000003803d30       0x18 /Applications/VEXcode Pro V5.app/Contents/Resources/sdk/vexv5/libv5rt.a(v5_startup.c.obj)
                0x0000000003803d30                __vex_function_prolog
 .text._init    0x0000000003803d48        0x4 /Applications/VEXcode Pro V5.app/Contents/Resources/sdk/vexv5/libv5rt.a(v5_startup.c.obj)
                0x0000000003803d48                _init
 .text._fini    0x0000000003803d4c        0x4 /Applications/VEXcode Pro V5.app/Contents/Resources/sdk/vexv5/libv5rt.a(v5_startup.c.obj)
                0x0000000003803d4c                _fini
 .text.vexStdlibVersionLinked
                0x0000000003803d50        0xc /Applications/VEXcode Pro V5.app/Contents/Resources/sdk/vexv5/libv5rt.a(v5_util.c.obj)
                0x0000000003803d50                vexStdlibVersionLinked
 .text.vexStdlibVersionVerify
                0x0000000003803d5c       0x30 /Applications/VEXcode Pro V5.app/Contents/Resources/sdk/vexv5/libv5rt.a(v5_util.c.obj)
                0x0000000003803d5c                vexStdlibVersionVerify
 .text.vexPrivateApiEnable
                0x0000000003803d8c       0x10 /Applications/VEXcode Pro V5.app/Contents/Resources/sdk/vexv5/libv5rt.a(v5_apijump.c.obj)
                0x0000000003803d8c                vexPrivateApiEnable
 .text.vexStdlibMismatchError
                0x0000000003803d9c       0x3c /Applications/VEXcode Pro V5.app/Contents/Resources/sdk/vexv5/libv5rt.a(v5_apijump.c.obj)
                0x0000000003803d9c                vexStdlibMismatchError
 .text.vexScratchMemoryPtr
                0x0000000003803dd8       0x30 /Applications/VEXcode Pro V5.app/Contents/Resources/sdk/vexv5/libv5rt.a(v5_apijump.c.obj)
                0x0000000003803dd8                vexScratchMemoryPtr
 .text.vexTaskAdd
                0x0000000003803e08       0x10 /Applications/VEXcode Pro V5.app/Contents/Resources/sdk/vexv5/libv5rt.a(v5_apijump.c.obj)
                0x0000000003803e08                vexTaskAdd
 .text.vexTasksRun
                0x0000000003803e18       0x10 /Applications/VEXcode Pro V5.app/Contents/Resources/sdk/vexv5/libv5rt.a(v5_apijump.c.obj)
                0x0000000003803e18                vexTasksRun
 .text.vexTaskYield
                0x0000000003803e28       0x10 /Applications/VEXcode Pro V5.app/Contents/Resources/sdk/vexv5/libv5rt.a(v5_apijump.c.obj)
                0x0000000003803e28                vexTaskYield
 .text.vexTaskCheckTimeslice
                0x0000000003803e38       0x10 /Applications/VEXcode Pro V5.app/Contents/Resources/sdk/vexv5/libv5rt.a(v5_apijump.c.obj)
                0x0000000003803e38                vexTaskCheckTimeslice
 .text.vexTaskSleep
                0x0000000003803e48       0x10 /Applications/VEXcode Pro V5.app/Contents/Resources/sdk/vexv5/libv5rt.a(v5_apijump.c.obj)
                0x0000000003803e48                vexTaskSleep
 .text.vexTasksDump
                0x0000000003803e58       0x1c /Applications/VEXcode Pro V5.app/Contents/Resources/sdk/vexv5/libv5rt.a(v5_apijump.c.obj)
                0x0000000003803e58                vexTasksDump
 .text.vexTaskGetTaskIndex
                0x0000000003803e74       0x10 /Applications/VEXcode Pro V5.app/Contents/Resources/sdk/vexv5/libv5rt.a(v5_apijump.c.obj)
                0x0000000003803e74                vexTaskGetTaskIndex
 .text.vexTaskStopAll
                0x0000000003803e84       0x10 /Applications/VEXcode Pro V5.app/Contents/Resources/sdk/vexv5/libv5rt.a(v5_apijump.c.obj)
                0x0000000003803e84                vexTaskStopAll
 .text.vexTaskRemoveAllUser
                0x0000000003803e94       0x34 /Applications/VEXcode Pro V5.app/Contents/Resources/sdk/vexv5/libv5rt.a(v5_apijump.c.obj)
                0x0000000003803e94                vexTaskRemoveAllUser
 .text.vexTaskCompletionIdSet
                0x0000000003803ec8       0x10 /Applications/VEXcode Pro V5.app/Contents/Resources/sdk/vexv5/libv5rt.a(v5_apijump.c.obj)
                0x0000000003803ec8                vexTaskCompletionIdSet
 .text.vexTaskStopWithId
                0x0000000003803ed8       0x10 /Applications/VEXcode Pro V5.app/Contents/Resources/sdk/vexv5/libv5rt.a(v5_apijump.c.obj)
                0x0000000003803ed8                vexTaskStopWithId
 .text.vexCriticalSection
                0x0000000003803ee8       0x2c /Applications/VEXcode Pro V5.app/Contents/Resources/sdk/vexv5/libv5rt.a(v5_apijump.c.obj)
                0x0000000003803ee8                vexCriticalSection
 .text.vexEventAdd
                0x0000000003803f14       0x34 /Applications/VEXcode Pro V5.app/Contents/Resources/sdk/vexv5/libv5rt.a(v5_apijump.c.obj)
                0x0000000003803f14                vexEventAdd
 .text.vexEventUserIndexGet
                0x0000000003803f48       0x1c /Applications/VEXcode Pro V5.app/Contents/Resources/sdk/vexv5/libv5rt.a(v5_apijump.c.obj)
                0x0000000003803f48                vexEventUserIndexGet
 .text.vexEventAddWithArg
                0x0000000003803f64       0x3c /Applications/VEXcode Pro V5.app/Contents/Resources/sdk/vexv5/libv5rt.a(v5_apijump.c.obj)
                0x0000000003803f64                vexEventAddWithArg
 .text.vexEventsCleanup
                0x0000000003803fa0       0x2c /Applications/VEXcode Pro V5.app/Contents/Resources/sdk/vexv5/libv5rt.a(v5_apijump.c.obj)
                0x0000000003803fa0                vexEventsCleanup
 .text.vexDebug
                0x0000000003803fcc       0x38 /Applications/VEXcode Pro V5.app/Contents/Resources/sdk/vexv5/libv5rt.a(v5_apijump.c.obj)
                0x0000000003803fcc                vexDebug
 .text.vex_sprintf
                0x0000000003804004       0x40 /Applications/VEXcode Pro V5.app/Contents/Resources/sdk/vexv5/libv5rt.a(v5_apijump.c.obj)
                0x0000000003804004                vex_sprintf
 .text.vex_vsnprintf
                0x0000000003804044       0x3c /Applications/VEXcode Pro V5.app/Contents/Resources/sdk/vexv5/libv5rt.a(v5_apijump.c.obj)
                0x0000000003804044                vex_vsnprintf
 .text.vexSystemTimeGet
                0x0000000003804080       0x1c /Applications/VEXcode Pro V5.app/Contents/Resources/sdk/vexv5/libv5rt.a(v5_apijump.c.obj)
                0x0000000003804080                vexSystemTimeGet
 .text.vexSystemExitRequest
                0x000000000380409c       0x1c /Applications/VEXcode Pro V5.app/Contents/Resources/sdk/vexv5/libv5rt.a(v5_apijump.c.obj)
                0x000000000380409c                vexSystemExitRequest
 .text.vexDeviceGetByIndex
                0x00000000038040b8       0x24 /Applications/VEXcode Pro V5.app/Contents/Resources/sdk/vexv5/libv5rt.a(v5_apijump.c.obj)
                0x00000000038040b8                vexDeviceGetByIndex
 .text.vexControllerGet
                0x00000000038040dc       0x2c /Applications/VEXcode Pro V5.app/Contents/Resources/sdk/vexv5/libv5rt.a(v5_apijump.c.obj)
                0x00000000038040dc                vexControllerGet
 .text.vexControllerTextSet
                0x0000000003804108       0x74 /Applications/VEXcode Pro V5.app/Contents/Resources/sdk/vexv5/libv5rt.a(v5_apijump.c.obj)
                0x0000000003804108                vexControllerTextSet
 .text.vexDeviceAdiPortConfigSet
                0x000000000380417c       0x34 /Applications/VEXcode Pro V5.app/Contents/Resources/sdk/vexv5/libv5rt.a(v5_apijump.c.obj)
                0x000000000380417c                vexDeviceAdiPortConfigSet
 .text.vexDeviceAdiPortConfigGet
                0x00000000038041b0       0x2c /Applications/VEXcode Pro V5.app/Contents/Resources/sdk/vexv5/libv5rt.a(v5_apijump.c.obj)
                0x00000000038041b0                vexDeviceAdiPortConfigGet
 .text.vexDeviceAdiValueSet
                0x00000000038041dc       0x34 /Applications/VEXcode Pro V5.app/Contents/Resources/sdk/vexv5/libv5rt.a(v5_apijump.c.obj)
                0x00000000038041dc                vexDeviceAdiValueSet
 .text.vexDeviceAdiValueGet
                0x0000000003804210       0x2c /Applications/VEXcode Pro V5.app/Contents/Resources/sdk/vexv5/libv5rt.a(v5_apijump.c.obj)
                0x0000000003804210                vexDeviceAdiValueGet
 .text.vexDeviceMotorVelocitySet
                0x000000000380423c       0x2c /Applications/VEXcode Pro V5.app/Contents/Resources/sdk/vexv5/libv5rt.a(v5_apijump.c.obj)
                0x000000000380423c                vexDeviceMotorVelocitySet
 .text.vexDeviceMotorVoltageSet
                0x0000000003804268       0x2c /Applications/VEXcode Pro V5.app/Contents/Resources/sdk/vexv5/libv5rt.a(v5_apijump.c.obj)
                0x0000000003804268                vexDeviceMotorVoltageSet
 .text.vexDeviceMotorActualVelocityGet
                0x0000000003804294       0x24 /Applications/VEXcode Pro V5.app/Contents/Resources/sdk/vexv5/libv5rt.a(v5_apijump.c.obj)
                0x0000000003804294                vexDeviceMotorActualVelocityGet
 .text.vexDeviceMotorReverseFlagSet
                0x00000000038042b8       0x2c /Applications/VEXcode Pro V5.app/Contents/Resources/sdk/vexv5/libv5rt.a(v5_apijump.c.obj)
                0x00000000038042b8                vexDeviceMotorReverseFlagSet
 .text.vexDeviceMotorEncoderUnitsSet
                0x00000000038042e4       0x2c /Applications/VEXcode Pro V5.app/Contents/Resources/sdk/vexv5/libv5rt.a(v5_apijump.c.obj)
                0x00000000038042e4                vexDeviceMotorEncoderUnitsSet
 .text.vexDeviceMotorBrakeModeSet
                0x0000000003804310       0x2c /Applications/VEXcode Pro V5.app/Contents/Resources/sdk/vexv5/libv5rt.a(v5_apijump.c.obj)
                0x0000000003804310                vexDeviceMotorBrakeModeSet
 .text.vexDeviceMotorPositionSet
                0x000000000380433c       0x34 /Applications/VEXcode Pro V5.app/Contents/Resources/sdk/vexv5/libv5rt.a(v5_apijump.c.obj)
                0x000000000380433c                vexDeviceMotorPositionSet
 .text.vexDeviceMotorPositionGet
                0x0000000003804370       0x24 /Applications/VEXcode Pro V5.app/Contents/Resources/sdk/vexv5/libv5rt.a(v5_apijump.c.obj)
                0x0000000003804370                vexDeviceMotorPositionGet
 .text.vexDeviceMotorGearingSet
                0x0000000003804394       0x2c /Applications/VEXcode Pro V5.app/Contents/Resources/sdk/vexv5/libv5rt.a(v5_apijump.c.obj)
                0x0000000003804394                vexDeviceMotorGearingSet
 .text.vexDeviceMotorGearingGet
                0x00000000038043c0       0x24 /Applications/VEXcode Pro V5.app/Contents/Resources/sdk/vexv5/libv5rt.a(v5_apijump.c.obj)
                0x00000000038043c0                vexDeviceMotorGearingGet
 .text.vexDeviceVisionModeSet
                0x00000000038043e4       0x2c /Applications/VEXcode Pro V5.app/Contents/Resources/sdk/vexv5/libv5rt.a(v5_apijump.c.obj)
                0x00000000038043e4                vexDeviceVisionModeSet
 .text.vexDeviceVisionObjectCountGet
                0x0000000003804410       0x24 /Applications/VEXcode Pro V5.app/Contents/Resources/sdk/vexv5/libv5rt.a(v5_apijump.c.obj)
                0x0000000003804410                vexDeviceVisionObjectCountGet
 .text.vexDeviceVisionObjectGet
                0x0000000003804434       0x34 /Applications/VEXcode Pro V5.app/Contents/Resources/sdk/vexv5/libv5rt.a(v5_apijump.c.obj)
                0x0000000003804434                vexDeviceVisionObjectGet
 .text.vexDeviceVisionSignatureSet
                0x0000000003804468       0x2c /Applications/VEXcode Pro V5.app/Contents/Resources/sdk/vexv5/libv5rt.a(v5_apijump.c.obj)
                0x0000000003804468                vexDeviceVisionSignatureSet
 .text.vexDeviceVisionBrightnessSet
                0x0000000003804494       0x2c /Applications/VEXcode Pro V5.app/Contents/Resources/sdk/vexv5/libv5rt.a(v5_apijump.c.obj)
                0x0000000003804494                vexDeviceVisionBrightnessSet
 .text.vexDeviceVisionLedModeSet
                0x00000000038044c0       0x2c /Applications/VEXcode Pro V5.app/Contents/Resources/sdk/vexv5/libv5rt.a(v5_apijump.c.obj)
                0x00000000038044c0                vexDeviceVisionLedModeSet
 .text.vexDeviceVisionLedColorSet
                0x00000000038044ec       0x30 /Applications/VEXcode Pro V5.app/Contents/Resources/sdk/vexv5/libv5rt.a(v5_apijump.c.obj)
                0x00000000038044ec                vexDeviceVisionLedColorSet
 .text.vexDeviceImuReset
                0x000000000380451c       0x24 /Applications/VEXcode Pro V5.app/Contents/Resources/sdk/vexv5/libv5rt.a(v5_apijump.c.obj)
                0x000000000380451c                vexDeviceImuReset
 .text.vexDeviceImuHeadingGet
                0x0000000003804540       0x24 /Applications/VEXcode Pro V5.app/Contents/Resources/sdk/vexv5/libv5rt.a(v5_apijump.c.obj)
                0x0000000003804540                vexDeviceImuHeadingGet
 .text.vexDeviceImuDegreesGet
                0x0000000003804564       0x24 /Applications/VEXcode Pro V5.app/Contents/Resources/sdk/vexv5/libv5rt.a(v5_apijump.c.obj)
                0x0000000003804564                vexDeviceImuDegreesGet
 .text.vexDeviceImuStatusGet
                0x0000000003804588       0x24 /Applications/VEXcode Pro V5.app/Contents/Resources/sdk/vexv5/libv5rt.a(v5_apijump.c.obj)
                0x0000000003804588                vexDeviceImuStatusGet
 .text.vexDisplayForegroundColor
                0x00000000038045ac       0x24 /Applications/VEXcode Pro V5.app/Contents/Resources/sdk/vexv5/libv5rt.a(v5_apijump.c.obj)
                0x00000000038045ac                vexDisplayForegroundColor
 .text.vexDisplayBackgroundColor
                0x00000000038045d0       0x24 /Applications/VEXcode Pro V5.app/Contents/Resources/sdk/vexv5/libv5rt.a(v5_apijump.c.obj)
                0x00000000038045d0                vexDisplayBackgroundColor
 .text.vexDisplayBackgroundColorGet
                0x00000000038045f4       0x1c /Applications/VEXcode Pro V5.app/Contents/Resources/sdk/vexv5/libv5rt.a(v5_apijump.c.obj)
                0x00000000038045f4                vexDisplayBackgroundColorGet
 .text.vexDisplayCopyRect
                0x0000000003804610       0x5c /Applications/VEXcode Pro V5.app/Contents/Resources/sdk/vexv5/libv5rt.a(v5_apijump.c.obj)
                0x0000000003804610                vexDisplayCopyRect
 .text.vexDisplayRectDraw
                0x000000000380466c       0x4c /Applications/VEXcode Pro V5.app/Contents/Resources/sdk/vexv5/libv5rt.a(v5_apijump.c.obj)
                0x000000000380466c                vexDisplayRectDraw
 .text.vexDisplayRectClear
                0x00000000038046b8       0x4c /Applications/VEXcode Pro V5.app/Contents/Resources/sdk/vexv5/libv5rt.a(v5_apijump.c.obj)
                0x00000000038046b8                vexDisplayRectClear
 .text.vexDisplayVPrintf
                0x0000000003804704       0x50 /Applications/VEXcode Pro V5.app/Contents/Resources/sdk/vexv5/libv5rt.a(v5_apijump.c.obj)
                0x0000000003804704                vexDisplayVPrintf
 .text.vexDisplayTextReference
                0x0000000003804754       0x24 /Applications/VEXcode Pro V5.app/Contents/Resources/sdk/vexv5/libv5rt.a(v5_apijump.c.obj)
                0x0000000003804754                vexDisplayTextReference
 .text.vexDisplayTextSize
                0x0000000003804778       0x2c /Applications/VEXcode Pro V5.app/Contents/Resources/sdk/vexv5/libv5rt.a(v5_apijump.c.obj)
                0x0000000003804778                vexDisplayTextSize
 .text.vexDisplayFontNamedSet
                0x00000000038047a4       0x24 /Applications/VEXcode Pro V5.app/Contents/Resources/sdk/vexv5/libv5rt.a(v5_apijump.c.obj)
                0x00000000038047a4                vexDisplayFontNamedSet
 .text.vexDisplayPenSizeGet
                0x00000000038047c8       0x1c /Applications/VEXcode Pro V5.app/Contents/Resources/sdk/vexv5/libv5rt.a(v5_apijump.c.obj)
                0x00000000038047c8                vexDisplayPenSizeGet
 .text.vexFileOpen
                0x00000000038047e4       0x2c /Applications/VEXcode Pro V5.app/Contents/Resources/sdk/vexv5/libv5rt.a(v5_apijump.c.obj)
                0x00000000038047e4                vexFileOpen
 .text.vexFileClose
                0x0000000003804810       0x24 /Applications/VEXcode Pro V5.app/Contents/Resources/sdk/vexv5/libv5rt.a(v5_apijump.c.obj)
                0x0000000003804810                vexFileClose
 .text.vexFileRead
                0x0000000003804834       0x3c /Applications/VEXcode Pro V5.app/Contents/Resources/sdk/vexv5/libv5rt.a(v5_apijump.c.obj)
                0x0000000003804834                vexFileRead
 .text.vexFileSize
                0x0000000003804870       0x24 /Applications/VEXcode Pro V5.app/Contents/Resources/sdk/vexv5/libv5rt.a(v5_apijump.c.obj)
                0x0000000003804870                vexFileSize
 .text.vexSystemStdlibImpureDataAddr
                0x0000000003804894       0x28 /Applications/VEXcode Pro V5.app/Contents/Resources/sdk/vexv5/libv5rt.a(v5_apijump.c.obj)
                0x0000000003804894                vexSystemStdlibImpureDataAddr
 .text.vexSystemStdlibImpureDataSize
                0x00000000038048bc       0x28 /Applications/VEXcode Pro V5.app/Contents/Resources/sdk/vexv5/libv5rt.a(v5_apijump.c.obj)
                0x00000000038048bc                vexSystemStdlibImpureDataSize
 .text.vexSystemSaveUserData
                0x00000000038048e4       0x3c /Applications/VEXcode Pro V5.app/Contents/Resources/sdk/vexv5/libv5rt.a(v5_apijump.c.obj)
                0x00000000038048e4                vexSystemSaveUserData
 .text.vexTouchDataGet
                0x0000000003804920       0x10 /Applications/VEXcode Pro V5.app/Contents/Resources/sdk/vexv5/libv5rt.a(v5_apijump.c.obj)
                0x0000000003804920                vexTouchDataGet
 .text.vexImageBmpRead
                0x0000000003804930       0x3c /Applications/VEXcode Pro V5.app/Contents/Resources/sdk/vexv5/libv5rt.a(v5_apijump.c.obj)
                0x0000000003804930                vexImageBmpRead
 .text.vexImagePngRead
                0x000000000380496c       0x44 /Applications/VEXcode Pro V5.app/Contents/Resources/sdk/vexv5/libv5rt.a(v5_apijump.c.obj)
                0x000000000380496c                vexImagePngRead
 .text.vexDisplayThemeIdGet
                0x00000000038049b0       0x38 /Applications/VEXcode Pro V5.app/Contents/Resources/sdk/vexv5/libv5rt.a(v5_apijump.c.obj)
                0x00000000038049b0                vexDisplayThemeIdGet
 .text.vexCompetitionStatus
                0x00000000038049e8       0x1c /Applications/VEXcode Pro V5.app/Contents/Resources/sdk/vexv5/libv5rt.a(v5_apijump.c.obj)
                0x00000000038049e8                vexCompetitionStatus
 .text.vexDeviceEventMaskSet
                0x0000000003804a04       0x48 /Applications/VEXcode Pro V5.app/Contents/Resources/sdk/vexv5/libv5rt.a(v5_apijump.c.obj)
                0x0000000003804a04                vexDeviceEventMaskSet
 .text.vexDeviceEventMaskGet
                0x0000000003804a4c       0x3c /Applications/VEXcode Pro V5.app/Contents/Resources/sdk/vexv5/libv5rt.a(v5_apijump.c.obj)
                0x0000000003804a4c                vexDeviceEventMaskGet
 .text.vexSystemVersion
                0x0000000003804a88       0x10 /Applications/VEXcode Pro V5.app/Contents/Resources/sdk/vexv5/libv5rt.a(v5_apiversions.c.obj)
                0x0000000003804a88                vexSystemVersion
 .text.vexStdlibVersion
                0x0000000003804a98       0x10 /Applications/VEXcode Pro V5.app/Contents/Resources/sdk/vexv5/libv5rt.a(v5_apiversions.c.obj)
                0x0000000003804a98                vexStdlibVersion
 .text._ZN3vex4waitEdNS_9timeUnitsE
                0x0000000003804aa8       0x30 /Applications/VEXcode Pro V5.app/Contents/Resources/sdk/vexv5/libv5rt.a(vex_global.cpp.obj)
                0x0000000003804aa8                vex::wait(double, vex::timeUnits)
 .text._ZN3vex5motorD2Ev
                0x0000000003804ad8       0x20 /Applications/VEXcode Pro V5.app/Contents/Resources/sdk/vexv5/libv5rt.a(vex_motor.cpp.obj)
                0x0000000003804ad8                vex::motor::~motor()
                0x0000000003804ad8                vex::motor::~motor()
 .text._ZN3vex5motorD0Ev
                0x0000000003804af8       0x1c /Applications/VEXcode Pro V5.app/Contents/Resources/sdk/vexv5/libv5rt.a(vex_motor.cpp.obj)
                0x0000000003804af8                vex::motor::~motor()
 .text._ZN3vex5motor9installedEv
                0x0000000003804b14       0x18 /Applications/VEXcode Pro V5.app/Contents/Resources/sdk/vexv5/libv5rt.a(vex_motor.cpp.obj)
                0x0000000003804b14                vex::motor::installed()
 .text._ZN3vex5motor15defaultStoppingENS_9brakeTypeE
                0x0000000003804b2c       0x30 /Applications/VEXcode Pro V5.app/Contents/Resources/sdk/vexv5/libv5rt.a(vex_motor.cpp.obj)
                0x0000000003804b2c                vex::motor::defaultStopping(vex::brakeType)
 .text._ZN3vex5motor11setStoppingENS_9brakeTypeE
                0x0000000003804b5c        0x4 /Applications/VEXcode Pro V5.app/Contents/Resources/sdk/vexv5/libv5rt.a(vex_motor.cpp.obj)
                0x0000000003804b5c                vex::motor::setStopping(vex::brakeType)
 .text._ZN3vex5motorC2El
                0x0000000003804b60       0x78 /Applications/VEXcode Pro V5.app/Contents/Resources/sdk/vexv5/libv5rt.a(vex_motor.cpp.obj)
                0x0000000003804b60                vex::motor::motor(long)
                0x0000000003804b60                vex::motor::motor(long)
 .text._ZN3vex5motorC2ElNS_11gearSettingEb
                0x0000000003804bd8       0x34 /Applications/VEXcode Pro V5.app/Contents/Resources/sdk/vexv5/libv5rt.a(vex_motor.cpp.obj)
                0x0000000003804bd8                vex::motor::motor(long, vex::gearSetting, bool)
                0x0000000003804bd8                vex::motor::motor(long, vex::gearSetting, bool)
 *fill*         0x0000000003804c0c        0x4 
 .text._ZN3vex5motor4spinENS_13directionTypeEdNS_12voltageUnitsE
                0x0000000003804c10       0x50 /Applications/VEXcode Pro V5.app/Contents/Resources/sdk/vexv5/libv5rt.a(vex_motor.cpp.obj)
                0x0000000003804c10                vex::motor::spin(vex::directionType, double, vex::voltageUnits)
 .text._ZN3vex5motor4stopENS_9brakeTypeE
                0x0000000003804c60       0x30 /Applications/VEXcode Pro V5.app/Contents/Resources/sdk/vexv5/libv5rt.a(vex_motor.cpp.obj)
                0x0000000003804c60                vex::motor::stop(vex::brakeType)
 .text._ZN3vex5motor4stopEv
                0x0000000003804c90        0x8 /Applications/VEXcode Pro V5.app/Contents/Resources/sdk/vexv5/libv5rt.a(vex_motor.cpp.obj)
                0x0000000003804c90                vex::motor::stop()
 .text._ZN3vex5motor16velocityToScaledEdNS_13velocityUnitsE
                0x0000000003804c98       0x5c /Applications/VEXcode Pro V5.app/Contents/Resources/sdk/vexv5/libv5rt.a(vex_motor.cpp.obj)
                0x0000000003804c98                vex::motor::velocityToScaled(double, vex::velocityUnits)
 .text._ZN3vex5motor8velocityENS_13velocityUnitsE
                0x0000000003804cf4       0x30 /Applications/VEXcode Pro V5.app/Contents/Resources/sdk/vexv5/libv5rt.a(vex_motor.cpp.obj)
                0x0000000003804cf4                vex::motor::velocity(vex::velocityUnits)
 .text._ZN3vex5motor5valueEv
                0x0000000003804d24       0x1c /Applications/VEXcode Pro V5.app/Contents/Resources/sdk/vexv5/libv5rt.a(vex_motor.cpp.obj)
                0x0000000003804d24                vex::motor::value()
 .text._ZN3vex5motor16scaledToVelocityEdNS_13velocityUnitsE
                0x0000000003804d40       0xa4 /Applications/VEXcode Pro V5.app/Contents/Resources/sdk/vexv5/libv5rt.a(vex_motor.cpp.obj)
                0x0000000003804d40                vex::motor::scaledToVelocity(double, vex::velocityUnits)
 .text._ZN3vex5motor4spinENS_13directionTypeEdNS_13velocityUnitsE
                0x0000000003804de4       0x5c /Applications/VEXcode Pro V5.app/Contents/Resources/sdk/vexv5/libv5rt.a(vex_motor.cpp.obj)
                0x0000000003804de4                vex::motor::spin(vex::directionType, double, vex::velocityUnits)
 .text._ZN3vex5motor16setRotationUnitsENS_13rotationUnitsE
                0x0000000003804e40       0x1c /Applications/VEXcode Pro V5.app/Contents/Resources/sdk/vexv5/libv5rt.a(vex_motor.cpp.obj)
                0x0000000003804e40                vex::motor::setRotationUnits(vex::rotationUnits)
 .text._ZN3vex5motor11setRotationEdNS_13rotationUnitsE
                0x0000000003804e5c       0x44 /Applications/VEXcode Pro V5.app/Contents/Resources/sdk/vexv5/libv5rt.a(vex_motor.cpp.obj)
                0x0000000003804e5c                vex::motor::setRotation(double, vex::rotationUnits)
 .text._ZN3vex5motor13resetRotationEv
                0x0000000003804ea0       0x20 /Applications/VEXcode Pro V5.app/Contents/Resources/sdk/vexv5/libv5rt.a(vex_motor.cpp.obj)
                0x0000000003804ea0                vex::motor::resetRotation()
 .text._ZN3vex5motor8rotationENS_13rotationUnitsE
                0x0000000003804ec0       0x44 /Applications/VEXcode Pro V5.app/Contents/Resources/sdk/vexv5/libv5rt.a(vex_motor.cpp.obj)
                0x0000000003804ec0                vex::motor::rotation(vex::rotationUnits)
 .text._ZN3vex6vision9installedEv
                0x0000000003804f04       0x18 /Applications/VEXcode Pro V5.app/Contents/Resources/sdk/vexv5/libv5rt.a(vex_vision.cpp.obj)
                0x0000000003804f04                vex::vision::installed()
 .text._ZN3vex6visionD2Ev
                0x0000000003804f1c       0x38 /Applications/VEXcode Pro V5.app/Contents/Resources/sdk/vexv5/libv5rt.a(vex_vision.cpp.obj)
                0x0000000003804f1c                vex::vision::~vision()
                0x0000000003804f1c                vex::vision::~vision()
 .text._ZN3vex6visionD0Ev
                0x0000000003804f54       0x1c /Applications/VEXcode Pro V5.app/Contents/Resources/sdk/vexv5/libv5rt.a(vex_vision.cpp.obj)
                0x0000000003804f54                vex::vision::~vision()
 .text._ZN3vex6vision12setSignatureERNS0_9signatureE
                0x0000000003804f70       0x70 /Applications/VEXcode Pro V5.app/Contents/Resources/sdk/vexv5/libv5rt.a(vex_vision.cpp.obj)
                0x0000000003804f70                vex::vision::setSignature(vex::vision::signature&)
 .text._ZN3vex6vision7setModeENS0_13detectionModeE
                0x0000000003804fe0       0x18 /Applications/VEXcode Pro V5.app/Contents/Resources/sdk/vexv5/libv5rt.a(vex_vision.cpp.obj)
                0x0000000003804fe0                vex::vision::setMode(vex::vision::detectionMode)
 .text._ZN3vex6vision13setBrightnessEh
                0x0000000003804ff8       0x30 /Applications/VEXcode Pro V5.app/Contents/Resources/sdk/vexv5/libv5rt.a(vex_vision.cpp.obj)
                0x0000000003804ff8                vex::vision::setBrightness(unsigned char)
 .text._ZN3vex6vision10setLedModeENS0_7ledModeE
                0x0000000003805028       0x18 /Applications/VEXcode Pro V5.app/Contents/Resources/sdk/vexv5/libv5rt.a(vex_vision.cpp.obj)
                0x0000000003805028                vex::vision::setLedMode(vex::vision::ledMode)
 .text._ZN3vex6vision11setLedColorEhhh
                0x0000000003805040       0x30 /Applications/VEXcode Pro V5.app/Contents/Resources/sdk/vexv5/libv5rt.a(vex_vision.cpp.obj)
                0x0000000003805040                vex::vision::setLedColor(unsigned char, unsigned char, unsigned char)
 .text._ZN3vex6vision9signatureD2Ev
                0x0000000003805070        0x4 /Applications/VEXcode Pro V5.app/Contents/Resources/sdk/vexv5/libv5rt.a(vex_vision.cpp.obj)
                0x0000000003805070                vex::vision::signature::~signature()
                0x0000000003805070                vex::vision::signature::~signature()
 .text._ZN3vex6vision9signature5clearEv
                0x0000000003805074       0x38 /Applications/VEXcode Pro V5.app/Contents/Resources/sdk/vexv5/libv5rt.a(vex_vision.cpp.obj)
                0x0000000003805074                vex::vision::signature::clear()
 .text._ZN3vex6vision9signatureC2Ev
                0x00000000038050ac       0x60 /Applications/VEXcode Pro V5.app/Contents/Resources/sdk/vexv5/libv5rt.a(vex_vision.cpp.obj)
                0x00000000038050ac                vex::vision::signature::signature()
                0x00000000038050ac                vex::vision::signature::signature()
 .text._ZN3vex6vision9signatureC2Elllllllfl
                0x000000000380510c       0x5c /Applications/VEXcode Pro V5.app/Contents/Resources/sdk/vexv5/libv5rt.a(vex_vision.cpp.obj)
                0x000000000380510c                vex::vision::signature::signature(long, long, long, long, long, long, long, float, long)
                0x000000000380510c                vex::vision::signature::signature(long, long, long, long, long, long, long, float, long)
 .text._ZN3vex6vision6object3setE22_V5_DeviceVisionObject
                0x0000000003805168       0x78 /Applications/VEXcode Pro V5.app/Contents/Resources/sdk/vexv5/libv5rt.a(vex_vision.cpp.obj)
                0x0000000003805168                vex::vision::object::set(_V5_DeviceVisionObject)
 .text._ZN3vex6vision6object5clearEv
                0x00000000038051e0       0x38 /Applications/VEXcode Pro V5.app/Contents/Resources/sdk/vexv5/libv5rt.a(vex_vision.cpp.obj)
                0x00000000038051e0                vex::vision::object::clear()
 .text._ZN3vex6vision6objectC2Ev
                0x0000000003805218       0x58 /Applications/VEXcode Pro V5.app/Contents/Resources/sdk/vexv5/libv5rt.a(vex_vision.cpp.obj)
                0x0000000003805218                vex::vision::object::object()
                0x0000000003805218                vex::vision::object::object()
 .text._ZN3vex6vision13_clearObjectsEv
                0x0000000003805270       0x40 /Applications/VEXcode Pro V5.app/Contents/Resources/sdk/vexv5/libv5rt.a(vex_vision.cpp.obj)
                0x0000000003805270                vex::vision::_clearObjects()
 .text._ZN3vex6vision6objectaSERKS1_
                0x00000000038052b0       0x74 /Applications/VEXcode Pro V5.app/Contents/Resources/sdk/vexv5/libv5rt.a(vex_vision.cpp.obj)
                0x00000000038052b0                vex::vision::object::operator=(vex::vision::object const&)
 .text._ZN3vex6vision12takeSnapshotEmm
                0x0000000003805324       0xf4 /Applications/VEXcode Pro V5.app/Contents/Resources/sdk/vexv5/libv5rt.a(vex_vision.cpp.obj)
                0x0000000003805324                vex::vision::takeSnapshot(unsigned long, unsigned long)
 .text._ZN3vex6vision12takeSnapshotEm
                0x0000000003805418        0x8 /Applications/VEXcode Pro V5.app/Contents/Resources/sdk/vexv5/libv5rt.a(vex_vision.cpp.obj)
                0x0000000003805418                vex::vision::takeSnapshot(unsigned long)
 .text._ZN3vex6vision5valueEv
                0x0000000003805420        0x8 /Applications/VEXcode Pro V5.app/Contents/Resources/sdk/vexv5/libv5rt.a(vex_vision.cpp.obj)
                0x0000000003805420                vex::vision::value()
 .text._ZN3vex6vision6objectaSEl
                0x0000000003805428       0x38 /Applications/VEXcode Pro V5.app/Contents/Resources/sdk/vexv5/libv5rt.a(vex_vision.cpp.obj)
                0x0000000003805428                vex::vision::object::operator=(long)
 .text._ZN3vex6visionC2El
                0x0000000003805460       0xa4 /Applications/VEXcode Pro V5.app/Contents/Resources/sdk/vexv5/libv5rt.a(vex_vision.cpp.obj)
                0x0000000003805460                vex::vision::vision(long)
                0x0000000003805460                vex::vision::vision(long)
 .text._ZN3vex8inertial11getTurnTypeEv
                0x0000000003805504        0x8 /Applications/VEXcode Pro V5.app/Contents/Resources/sdk/vexv5/libv5rt.a(vex_imu.cpp.obj)
                0x0000000003805504                vex::inertial::getTurnType()
 .text._ZThn16_N3vex8inertial11getTurnTypeEv
                0x000000000380550c        0x8 /Applications/VEXcode Pro V5.app/Contents/Resources/sdk/vexv5/libv5rt.a(vex_imu.cpp.obj)
                0x000000000380550c                non-virtual thunk to vex::inertial::getTurnType()
 *fill*         0x0000000003805514        0x4 
 .text._ZN3vex8inertial10setHeadingEdNS_13rotationUnitsE
                0x0000000003805518       0x58 /Applications/VEXcode Pro V5.app/Contents/Resources/sdk/vexv5/libv5rt.a(vex_imu.cpp.obj)
                0x0000000003805518                vex::inertial::setHeading(double, vex::rotationUnits)
 .text._ZThn16_N3vex8inertial10setHeadingEdNS_13rotationUnitsE
                0x0000000003805570        0x8 /Applications/VEXcode Pro V5.app/Contents/Resources/sdk/vexv5/libv5rt.a(vex_imu.cpp.obj)
                0x0000000003805570                non-virtual thunk to vex::inertial::setHeading(double, vex::rotationUnits)
 .text._ZN3vex8inertial11setRotationEdNS_13rotationUnitsE
                0x0000000003805578       0x58 /Applications/VEXcode Pro V5.app/Contents/Resources/sdk/vexv5/libv5rt.a(vex_imu.cpp.obj)
                0x0000000003805578                vex::inertial::setRotation(double, vex::rotationUnits)
 .text._ZThn16_N3vex8inertial11setRotationEdNS_13rotationUnitsE
                0x00000000038055d0        0x8 /Applications/VEXcode Pro V5.app/Contents/Resources/sdk/vexv5/libv5rt.a(vex_imu.cpp.obj)
                0x00000000038055d0                non-virtual thunk to vex::inertial::setRotation(double, vex::rotationUnits)
 .text._ZN3vex8inertialD2Ev
                0x00000000038055d8       0x20 /Applications/VEXcode Pro V5.app/Contents/Resources/sdk/vexv5/libv5rt.a(vex_imu.cpp.obj)
                0x00000000038055d8                vex::inertial::~inertial()
                0x00000000038055d8                vex::inertial::~inertial()
 .text._ZThn16_N3vex8inertialD1Ev
                0x00000000038055f8        0x8 /Applications/VEXcode Pro V5.app/Contents/Resources/sdk/vexv5/libv5rt.a(vex_imu.cpp.obj)
                0x00000000038055f8                non-virtual thunk to vex::inertial::~inertial()
 .text._ZN3vex8inertialD0Ev
                0x0000000003805600       0x1c /Applications/VEXcode Pro V5.app/Contents/Resources/sdk/vexv5/libv5rt.a(vex_imu.cpp.obj)
                0x0000000003805600                vex::inertial::~inertial()
 .text._ZThn16_N3vex8inertialD0Ev
                0x000000000380561c        0x8 /Applications/VEXcode Pro V5.app/Contents/Resources/sdk/vexv5/libv5rt.a(vex_imu.cpp.obj)
                0x000000000380561c                non-virtual thunk to vex::inertial::~inertial()
 .text._ZN3vex8inertial9installedEv
                0x0000000003805624       0x18 /Applications/VEXcode Pro V5.app/Contents/Resources/sdk/vexv5/libv5rt.a(vex_imu.cpp.obj)
                0x0000000003805624                vex::inertial::installed()
 .text._ZN3vex8inertial5angleENS_13rotationUnitsE
                0x000000000380563c       0x6c /Applications/VEXcode Pro V5.app/Contents/Resources/sdk/vexv5/libv5rt.a(vex_imu.cpp.obj)
                0x000000000380563c                vex::inertial::angle(vex::rotationUnits)
 .text._ZThn16_N3vex8inertial5angleENS_13rotationUnitsE
                0x00000000038056a8        0x8 /Applications/VEXcode Pro V5.app/Contents/Resources/sdk/vexv5/libv5rt.a(vex_imu.cpp.obj)
                0x00000000038056a8                non-virtual thunk to vex::inertial::angle(vex::rotationUnits)
 .text._ZN3vex8inertial7headingENS_13rotationUnitsE
                0x00000000038056b0        0x4 /Applications/VEXcode Pro V5.app/Contents/Resources/sdk/vexv5/libv5rt.a(vex_imu.cpp.obj)
                0x00000000038056b0                vex::inertial::heading(vex::rotationUnits)
 .text._ZThn16_N3vex8inertial7headingENS_13rotationUnitsE
                0x00000000038056b4        0x8 /Applications/VEXcode Pro V5.app/Contents/Resources/sdk/vexv5/libv5rt.a(vex_imu.cpp.obj)
                0x00000000038056b4                non-virtual thunk to vex::inertial::heading(vex::rotationUnits)
 .text._ZN3vex8inertial5valueEv
                0x00000000038056bc       0x1c /Applications/VEXcode Pro V5.app/Contents/Resources/sdk/vexv5/libv5rt.a(vex_imu.cpp.obj)
                0x00000000038056bc                vex::inertial::value()
 .text._ZN3vex8inertial8rotationENS_13rotationUnitsE
                0x00000000038056d8       0x48 /Applications/VEXcode Pro V5.app/Contents/Resources/sdk/vexv5/libv5rt.a(vex_imu.cpp.obj)
                0x00000000038056d8                vex::inertial::rotation(vex::rotationUnits)
 .text._ZThn16_N3vex8inertial8rotationENS_13rotationUnitsE
                0x0000000003805720        0x8 /Applications/VEXcode Pro V5.app/Contents/Resources/sdk/vexv5/libv5rt.a(vex_imu.cpp.obj)
                0x0000000003805720                non-virtual thunk to vex::inertial::rotation(vex::rotationUnits)
 .text._ZN3vex8inertial13isCalibratingEv
                0x0000000003805728       0x38 /Applications/VEXcode Pro V5.app/Contents/Resources/sdk/vexv5/libv5rt.a(vex_imu.cpp.obj)
                0x0000000003805728                vex::inertial::isCalibrating()
 .text._ZThn16_N3vex8inertial13isCalibratingEv
                0x0000000003805760        0x8 /Applications/VEXcode Pro V5.app/Contents/Resources/sdk/vexv5/libv5rt.a(vex_imu.cpp.obj)
                0x0000000003805760                non-virtual thunk to vex::inertial::isCalibrating()
 .text._ZN3vex8inertialC2ElNS_8turnTypeE
                0x0000000003805768       0x4c /Applications/VEXcode Pro V5.app/Contents/Resources/sdk/vexv5/libv5rt.a(vex_imu.cpp.obj)
                0x0000000003805768                vex::inertial::inertial(long, vex::turnType)
                0x0000000003805768                vex::inertial::inertial(long, vex::turnType)
 .text._ZN3vex8inertial16startCalibrationEl
                0x00000000038057b4       0x20 /Applications/VEXcode Pro V5.app/Contents/Resources/sdk/vexv5/libv5rt.a(vex_imu.cpp.obj)
                0x00000000038057b4                vex::inertial::startCalibration(long)
 .text._ZN3vex8inertial9calibrateEl
                0x00000000038057d4        0xc /Applications/VEXcode Pro V5.app/Contents/Resources/sdk/vexv5/libv5rt.a(vex_imu.cpp.obj)
                0x00000000038057d4                vex::inertial::calibrate(long)
                0x00000000038057d8                non-virtual thunk to vex::inertial::calibrate(long)
 .text._ZN3vex10controllerD2Ev
                0x00000000038057e0        0x4 /Applications/VEXcode Pro V5.app/Contents/Resources/sdk/vexv5/libv5rt.a(vex_controller.cpp.obj)
                0x00000000038057e0                vex::controller::~controller()
                0x00000000038057e0                vex::controller::~controller()
 .text._ZN3vex10controller5valueE19_V5_ControllerIndex
                0x00000000038057e4        0x8 /Applications/VEXcode Pro V5.app/Contents/Resources/sdk/vexv5/libv5rt.a(vex_controller.cpp.obj)
                0x00000000038057e4                vex::controller::value(_V5_ControllerIndex)
 .text._ZNK3vex10controller6button8pressingEv
                0x00000000038057ec       0xc8 /Applications/VEXcode Pro V5.app/Contents/Resources/sdk/vexv5/libv5rt.a(vex_controller.cpp.obj)
                0x00000000038057ec                vex::controller::button::pressing() const
 .text._ZNK3vex10controller6button21_buttonToPressedEventEv
                0x00000000038058b4       0x20 /Applications/VEXcode Pro V5.app/Contents/Resources/sdk/vexv5/libv5rt.a(vex_controller.cpp.obj)
                0x00000000038058b4                vex::controller::button::_buttonToPressedEvent() const
 .text._ZNK3vex10controller6button22_buttonToReleasedEventEv
                0x00000000038058d4       0x20 /Applications/VEXcode Pro V5.app/Contents/Resources/sdk/vexv5/libv5rt.a(vex_controller.cpp.obj)
                0x00000000038058d4                vex::controller::button::_buttonToReleasedEvent() const
 .text._ZN3vex10controller6buttonC2ENS0_11tButtonTypeEPS0_
                0x00000000038058f4       0x48 /Applications/VEXcode Pro V5.app/Contents/Resources/sdk/vexv5/libv5rt.a(vex_controller.cpp.obj)
                0x00000000038058f4                vex::controller::button::button(vex::controller::tButtonType, vex::controller*)
                0x00000000038058f4                vex::controller::button::button(vex::controller::tButtonType, vex::controller*)
 .text._ZNK3vex10controller4axis5valueEv
                0x000000000380593c       0x58 /Applications/VEXcode Pro V5.app/Contents/Resources/sdk/vexv5/libv5rt.a(vex_controller.cpp.obj)
                0x000000000380593c                vex::controller::axis::value() const
 .text._ZNK3vex10controller4axis8positionENS_12percentUnitsE
                0x0000000003805994       0x1c /Applications/VEXcode Pro V5.app/Contents/Resources/sdk/vexv5/libv5rt.a(vex_controller.cpp.obj)
                0x0000000003805994                vex::controller::axis::position(vex::percentUnits) const
 .text._ZNK3vex10controller4axis23_joystickToChangedEventEv
                0x00000000038059b0       0x20 /Applications/VEXcode Pro V5.app/Contents/Resources/sdk/vexv5/libv5rt.a(vex_controller.cpp.obj)
                0x00000000038059b0                vex::controller::axis::_joystickToChangedEvent() const
 .text._ZN3vex10controller4axisC2ENS0_9tAxisTypeEPS0_
                0x00000000038059d0       0x2c /Applications/VEXcode Pro V5.app/Contents/Resources/sdk/vexv5/libv5rt.a(vex_controller.cpp.obj)
                0x00000000038059d0                vex::controller::axis::axis(vex::controller::tAxisType, vex::controller*)
                0x00000000038059d0                vex::controller::axis::axis(vex::controller::tAxisType, vex::controller*)
 .text._ZN3vex10controllerC2ENS_14controllerTypeE
                0x00000000038059fc      0x16c /Applications/VEXcode Pro V5.app/Contents/Resources/sdk/vexv5/libv5rt.a(vex_controller.cpp.obj)
                0x00000000038059fc                vex::controller::controller(vex::controllerType)
                0x00000000038059fc                vex::controller::controller(vex::controllerType)
 .text._ZN3vex10controller3lcd15getControllerIdEv
                0x0000000003805b68       0x10 /Applications/VEXcode Pro V5.app/Contents/Resources/sdk/vexv5/libv5rt.a(vex_controller.cpp.obj)
                0x0000000003805b68                vex::controller::lcd::getControllerId()
 .text._ZN3vex10controller3lcd5printEPKcz
                0x0000000003805b78       0x80 /Applications/VEXcode Pro V5.app/Contents/Resources/sdk/vexv5/libv5rt.a(vex_controller.cpp.obj)
                0x0000000003805b78                vex::controller::lcd::print(char const*, ...)
 .text._ZN3vex6threadC2EPFivE
                0x0000000003805bf8       0x5c /Applications/VEXcode Pro V5.app/Contents/Resources/sdk/vexv5/libv5rt.a(vex_thread.cpp.obj)
                0x0000000003805bf8                vex::thread::thread(int (*)())
                0x0000000003805bf8                vex::thread::thread(int (*)())
 .text._ZN3vex6threadD2Ev
                0x0000000003805c54        0x4 /Applications/VEXcode Pro V5.app/Contents/Resources/sdk/vexv5/libv5rt.a(vex_thread.cpp.obj)
                0x0000000003805c54                vex::thread::~thread()
                0x0000000003805c54                vex::thread::~thread()
 .text._ZN3vex6thread9interruptEv
                0x0000000003805c58       0x18 /Applications/VEXcode Pro V5.app/Contents/Resources/sdk/vexv5/libv5rt.a(vex_thread.cpp.obj)
                0x0000000003805c58                vex::thread::interrupt()
 .text._ZN3vex11this_thread9sleep_forEm
                0x0000000003805c70        0x4 /Applications/VEXcode Pro V5.app/Contents/Resources/sdk/vexv5/libv5rt.a(vex_thread.cpp.obj)
                0x0000000003805c70                vex::this_thread::sleep_for(unsigned long)
 .text._ZN3vex5event4initEmmPFvvE
                0x0000000003805c74        0x4 /Applications/VEXcode Pro V5.app/Contents/Resources/sdk/vexv5/libv5rt.a(vex_event.cpp.obj)
                0x0000000003805c74                vex::event::init(unsigned long, unsigned long, void (*)())
 .text._ZN3vex5event4initEmmPFvPvES1_
                0x0000000003805c78        0x4 /Applications/VEXcode Pro V5.app/Contents/Resources/sdk/vexv5/libv5rt.a(vex_event.cpp.obj)
                0x0000000003805c78                vex::event::init(unsigned long, unsigned long, void (*)(void*), void*)
 .text._ZN3vex5event9userindexEv
                0x0000000003805c7c        0x4 /Applications/VEXcode Pro V5.app/Contents/Resources/sdk/vexv5/libv5rt.a(vex_event.cpp.obj)
                0x0000000003805c7c                vex::event::userindex()
 .text._ZZN3vex6meventC4EmmENUlvE_4_FUNEv
                0x0000000003805c80        0x4 /Applications/VEXcode Pro V5.app/Contents/Resources/sdk/vexv5/libv5rt.a(vex_mevent.cpp.obj)
 .text._ZN3vex6meventC2Emm
                0x0000000003805c84       0x70 /Applications/VEXcode Pro V5.app/Contents/Resources/sdk/vexv5/libv5rt.a(vex_mevent.cpp.obj)
                0x0000000003805c84                vex::mevent::mevent(unsigned long, unsigned long)
                0x0000000003805c84                vex::mevent::mevent(unsigned long, unsigned long)
 .text._ZN3vex5brain9_getIndexEv
                0x0000000003805cf4       0x10 /Applications/VEXcode Pro V5.app/Contents/Resources/sdk/vexv5/libv5rt.a(vex_brain.cpp.obj)
                0x0000000003805cf4                vex::brain::_getIndex()
 .text._ZN3vex5brain3lcd9setCursorEll
                0x0000000003805d04       0x44 /Applications/VEXcode Pro V5.app/Contents/Resources/sdk/vexv5/libv5rt.a(vex_brain.cpp.obj)
                0x0000000003805d04                vex::brain::lcd::setCursor(long, long)
 .text._ZN3vex5brain3lcd7setFontENS_8fontTypeE
                0x0000000003805d48      0x23c /Applications/VEXcode Pro V5.app/Contents/Resources/sdk/vexv5/libv5rt.a(vex_brain.cpp.obj)
                0x0000000003805d48                vex::brain::lcd::setFont(vex::fontType)
 .text._ZN3vex5brain3lcdC2Ev
                0x0000000003805f84       0x94 /Applications/VEXcode Pro V5.app/Contents/Resources/sdk/vexv5/libv5rt.a(vex_brain.cpp.obj)
                0x0000000003805f84                vex::brain::lcd::lcd()
                0x0000000003805f84                vex::brain::lcd::lcd()
 .text._ZN3vex5brainC2Ev
                0x0000000003806018       0x3c /Applications/VEXcode Pro V5.app/Contents/Resources/sdk/vexv5/libv5rt.a(vex_brain.cpp.obj)
                0x0000000003806018                vex::brain::brain()
                0x0000000003806018                vex::brain::brain()
 .text._ZN3vex5brain3lcd7printAtEllbPKcz
                0x0000000003806054       0x4c /Applications/VEXcode Pro V5.app/Contents/Resources/sdk/vexv5/libv5rt.a(vex_brain.cpp.obj)
                0x0000000003806054                vex::brain::lcd::printAt(long, long, bool, char const*, ...)
 .text._ZN3vex5brain3lcd12_clearScreenEm
                0x00000000038060a0       0x38 /Applications/VEXcode Pro V5.app/Contents/Resources/sdk/vexv5/libv5rt.a(vex_brain.cpp.obj)
                0x00000000038060a0                vex::brain::lcd::_clearScreen(unsigned long)
 .text._ZN3vex5brain3lcd11clearScreenERKNS_5colorE
                0x00000000038060d8       0x20 /Applications/VEXcode Pro V5.app/Contents/Resources/sdk/vexv5/libv5rt.a(vex_brain.cpp.obj)
                0x00000000038060d8                vex::brain::lcd::clearScreen(vex::color const&)
 .text._ZN3vex5brain3lcd11clearScreenEv
                0x00000000038060f8       0x2c /Applications/VEXcode Pro V5.app/Contents/Resources/sdk/vexv5/libv5rt.a(vex_brain.cpp.obj)
                0x00000000038060f8                vex::brain::lcd::clearScreen()
 .text._ZN3vex5brain3lcd13drawRectangleEiiii
                0x0000000003806124       0xdc /Applications/VEXcode Pro V5.app/Contents/Resources/sdk/vexv5/libv5rt.a(vex_brain.cpp.obj)
                0x0000000003806124                vex::brain::lcd::drawRectangle(int, int, int, int)
 .text._ZN3vex5brain3lcd14_drawRectangleEiiiim
                0x0000000003806200       0x74 /Applications/VEXcode Pro V5.app/Contents/Resources/sdk/vexv5/libv5rt.a(vex_brain.cpp.obj)
                0x0000000003806200                vex::brain::lcd::_drawRectangle(int, int, int, int, unsigned long)
 .text._ZN3vex5brain3lcd13drawRectangleEiiiiRKNS_5colorE
                0x0000000003806274       0x68 /Applications/VEXcode Pro V5.app/Contents/Resources/sdk/vexv5/libv5rt.a(vex_brain.cpp.obj)
                0x0000000003806274                vex::brain::lcd::drawRectangle(int, int, int, int, vex::color const&)
 .text._ZN3vex5brain3lcd9xPositionEv
                0x00000000038062dc       0x24 /Applications/VEXcode Pro V5.app/Contents/Resources/sdk/vexv5/libv5rt.a(vex_brain.cpp.obj)
                0x00000000038062dc                vex::brain::lcd::xPosition()
 .text._ZN3vex5brain3lcd9yPositionEv
                0x0000000003806300       0x24 /Applications/VEXcode Pro V5.app/Contents/Resources/sdk/vexv5/libv5rt.a(vex_brain.cpp.obj)
                0x0000000003806300                vex::brain::lcd::yPosition()
 .text._ZN3vex5brain3lcd8pressingEv
                0x0000000003806324       0x20 /Applications/VEXcode Pro V5.app/Contents/Resources/sdk/vexv5/libv5rt.a(vex_brain.cpp.obj)
                0x0000000003806324                vex::brain::lcd::pressing()
 .text._ZN3vex5brain3lcd20_validateImageBufferEPh
                0x0000000003806344       0x58 /Applications/VEXcode Pro V5.app/Contents/Resources/sdk/vexv5/libv5rt.a(vex_brain.cpp.obj)
                0x0000000003806344                vex::brain::lcd::_validateImageBuffer(unsigned char*)
 .text._ZN3vex5brain3lcd17drawImageFromFileEPKcii
                0x000000000380639c      0x264 /Applications/VEXcode Pro V5.app/Contents/Resources/sdk/vexv5/libv5rt.a(vex_brain.cpp.obj)
                0x000000000380639c                vex::brain::lcd::drawImageFromFile(char const*, int, int)
 .text._ZN3vex5brainD2Ev
                0x0000000003806600       0x20 /Applications/VEXcode Pro V5.app/Contents/Resources/sdk/vexv5/libv5rt.a(vex_brain.cpp.obj)
                0x0000000003806600                vex::brain::~brain()
                0x0000000003806600                vex::brain::~brain()
 .text._ZN3vex11competition8_disableEPv
                0x0000000003806620       0xa4 /Applications/VEXcode Pro V5.app/Contents/Resources/sdk/vexv5/libv5rt.a(vex_competition.cpp.obj)
                0x0000000003806620                vex::competition::_disable(void*)
 .text._ZN3vex11competition11_autonomousEv
                0x00000000038066c4       0x80 /Applications/VEXcode Pro V5.app/Contents/Resources/sdk/vexv5/libv5rt.a(vex_competition.cpp.obj)
                0x00000000038066c4                vex::competition::_autonomous()
 .text._ZN3vex11competition14_drivercontrolEv
                0x0000000003806744       0x80 /Applications/VEXcode Pro V5.app/Contents/Resources/sdk/vexv5/libv5rt.a(vex_competition.cpp.obj)
                0x0000000003806744                vex::competition::_drivercontrol()
 .text._ZN3vex11competitionC2Ev
                0x00000000038067c4      0x13c /Applications/VEXcode Pro V5.app/Contents/Resources/sdk/vexv5/libv5rt.a(vex_competition.cpp.obj)
                0x00000000038067c4                vex::competition::competition()
                0x00000000038067c4                vex::competition::competition()
 .text._ZN3vex11competitionD2Ev
                0x0000000003806900        0x4 /Applications/VEXcode Pro V5.app/Contents/Resources/sdk/vexv5/libv5rt.a(vex_competition.cpp.obj)
                0x0000000003806900                vex::competition::~competition()
                0x0000000003806900                vex::competition::~competition()
 .text._ZN3vex11competition10autonomousEPFvvE
                0x0000000003806904       0x44 /Applications/VEXcode Pro V5.app/Contents/Resources/sdk/vexv5/libv5rt.a(vex_competition.cpp.obj)
                0x0000000003806904                vex::competition::autonomous(void (*)())
 .text._ZN3vex11competition13drivercontrolEPFvvE
                0x0000000003806948       0x44 /Applications/VEXcode Pro V5.app/Contents/Resources/sdk/vexv5/libv5rt.a(vex_competition.cpp.obj)
                0x0000000003806948                vex::competition::drivercontrol(void (*)())
 .text._ZN3vex11competition9isEnabledEv
                0x000000000380698c       0x14 /Applications/VEXcode Pro V5.app/Contents/Resources/sdk/vexv5/libv5rt.a(vex_competition.cpp.obj)
                0x000000000380698c                vex::competition::isEnabled()
 .text._ZN3vex7triportD2Ev
                0x00000000038069a0       0x38 /Applications/VEXcode Pro V5.app/Contents/Resources/sdk/vexv5/libv5rt.a(vex_triport.cpp.obj)
                0x00000000038069a0                vex::triport::~triport()
                0x00000000038069a0                vex::triport::~triport()
 .text._ZN3vex7triportD0Ev
                0x00000000038069d8       0x1c /Applications/VEXcode Pro V5.app/Contents/Resources/sdk/vexv5/libv5rt.a(vex_triport.cpp.obj)
                0x00000000038069d8                vex::triport::~triport()
 .text._ZN3vex7triport9installedEv
                0x00000000038069f4       0x18 /Applications/VEXcode Pro V5.app/Contents/Resources/sdk/vexv5/libv5rt.a(vex_triport.cpp.obj)
                0x00000000038069f4                vex::triport::installed()
 .text._ZN3vex7triport4portC2ElPS0_
                0x0000000003806a0c       0x74 /Applications/VEXcode Pro V5.app/Contents/Resources/sdk/vexv5/libv5rt.a(vex_triport.cpp.obj)
                0x0000000003806a0c                vex::triport::port::port(long, vex::triport*)
                0x0000000003806a0c                vex::triport::port::port(long, vex::triport*)
 .text._ZN3vex7triportC2El
                0x0000000003806a80       0xf0 /Applications/VEXcode Pro V5.app/Contents/Resources/sdk/vexv5/libv5rt.a(vex_triport.cpp.obj)
                0x0000000003806a80                vex::triport::triport(long)
                0x0000000003806a80                vex::triport::triport(long)
 .text._ZN3vex7triport4port4typeENS_11triportTypeE
                0x0000000003806b70       0x30 /Applications/VEXcode Pro V5.app/Contents/Resources/sdk/vexv5/libv5rt.a(vex_triport.cpp.obj)
                0x0000000003806b70                vex::triport::port::type(vex::triportType)
 .text._ZN3vex7triport4port4typeEv
                0x0000000003806ba0       0x38 /Applications/VEXcode Pro V5.app/Contents/Resources/sdk/vexv5/libv5rt.a(vex_triport.cpp.obj)
                0x0000000003806ba0                vex::triport::port::type()
 .text._ZN3vex7triport4port5valueEv
                0x0000000003806bd8       0x14 /Applications/VEXcode Pro V5.app/Contents/Resources/sdk/vexv5/libv5rt.a(vex_triport.cpp.obj)
                0x0000000003806bd8                vex::triport::port::value()
 .text._ZN3vex7triport4port5valueEl
                0x0000000003806bec       0x18 /Applications/VEXcode Pro V5.app/Contents/Resources/sdk/vexv5/libv5rt.a(vex_triport.cpp.obj)
                0x0000000003806bec                vex::triport::port::value(long)
 .text._ZN3vex7triport4port14_convertAnalogENS_11analogUnitsE
                0x0000000003806c04       0x58 /Applications/VEXcode Pro V5.app/Contents/Resources/sdk/vexv5/libv5rt.a(vex_triport.cpp.obj)
                0x0000000003806c04                vex::triport::port::_convertAnalog(vex::analogUnits)
 .text._ZN3vex11__trideviceC2ERNS_7triport4portENS_11triportTypeE
                0x0000000003806c5c       0x5c /Applications/VEXcode Pro V5.app/Contents/Resources/sdk/vexv5/libv5rt.a(vex_triport.cpp.obj)
                0x0000000003806c5c                vex::__tridevice::__tridevice(vex::triport::port&, vex::triportType)
                0x0000000003806c5c                vex::__tridevice::__tridevice(vex::triport::port&, vex::triportType)
 .text._ZN3vex11__tridevice14_convertAnalogENS_11analogUnitsE
                0x0000000003806cb8        0x8 /Applications/VEXcode Pro V5.app/Contents/Resources/sdk/vexv5/libv5rt.a(vex_triport.cpp.obj)
                0x0000000003806cb8                vex::__tridevice::_convertAnalog(vex::analogUnits)
 .text._ZN3vex11digital_outC2ERNS_7triport4portE
                0x0000000003806cc0       0x18 /Applications/VEXcode Pro V5.app/Contents/Resources/sdk/vexv5/libv5rt.a(vex_triport.cpp.obj)
                0x0000000003806cc0                vex::digital_out::digital_out(vex::triport::port&)
                0x0000000003806cc0                vex::digital_out::digital_out(vex::triport::port&)
 .text._ZN3vex11digital_outD2Ev
                0x0000000003806cd8        0x4 /Applications/VEXcode Pro V5.app/Contents/Resources/sdk/vexv5/libv5rt.a(vex_triport.cpp.obj)
                0x0000000003806cd8                vex::digital_out::~digital_out()
                0x0000000003806cd8                vex::digital_out::~digital_out()
 .text._ZN3vex11digital_out5valueEv
                0x0000000003806cdc        0x8 /Applications/VEXcode Pro V5.app/Contents/Resources/sdk/vexv5/libv5rt.a(vex_triport.cpp.obj)
                0x0000000003806cdc                vex::digital_out::value()
 .text._ZN3vex11digital_out3setEb
                0x0000000003806ce4        0x8 /Applications/VEXcode Pro V5.app/Contents/Resources/sdk/vexv5/libv5rt.a(vex_triport.cpp.obj)
                0x0000000003806ce4                vex::digital_out::set(bool)
 .text._ZN3vex4lineC2ERNS_7triport4portE
                0x0000000003806cec       0x20 /Applications/VEXcode Pro V5.app/Contents/Resources/sdk/vexv5/libv5rt.a(vex_triport.cpp.obj)
                0x0000000003806cec                vex::line::line(vex::triport::port&)
                0x0000000003806cec                vex::line::line(vex::triport::port&)
 .text._ZN3vex4lineD2Ev
                0x0000000003806d0c        0x4 /Applications/VEXcode Pro V5.app/Contents/Resources/sdk/vexv5/libv5rt.a(vex_triport.cpp.obj)
                0x0000000003806d0c                vex::line::~line()
                0x0000000003806d0c                vex::line::~line()
 .text._ZN3vex4line5valueENS_11analogUnitsE
                0x0000000003806d10        0x4 /Applications/VEXcode Pro V5.app/Contents/Resources/sdk/vexv5/libv5rt.a(vex_triport.cpp.obj)
                0x0000000003806d10                vex::line::value(vex::analogUnits)
 .text._ZN3vex5colorD2Ev
                0x0000000003806d14        0x4 /Applications/VEXcode Pro V5.app/Contents/Resources/sdk/vexv5/libv5rt.a(vex_color.cpp.obj)
                0x0000000003806d14                vex::color::~color()
                0x0000000003806d14                vex::color::~color()
 .text._ZNK3vex5colorcvmEv
                0x0000000003806d18        0x8 /Applications/VEXcode Pro V5.app/Contents/Resources/sdk/vexv5/libv5rt.a(vex_color.cpp.obj)
                0x0000000003806d18                vex::color::operator unsigned long() const
 .text._ZNK3vex5color13isTransparentEv
                0x0000000003806d20        0x8 /Applications/VEXcode Pro V5.app/Contents/Resources/sdk/vexv5/libv5rt.a(vex_color.cpp.obj)
                0x0000000003806d20                vex::color::isTransparent() const
 .text.startup._GLOBAL__sub_I__ZN3vex5color5blackE
                0x0000000003806d28      0x164 /Applications/VEXcode Pro V5.app/Contents/Resources/sdk/vexv5/libv5rt.a(vex_color.cpp.obj)
 .text._ZN3vex5timerD2Ev
                0x0000000003806e8c        0x4 /Applications/VEXcode Pro V5.app/Contents/Resources/sdk/vexv5/libv5rt.a(vex_timer.cpp.obj)
                0x0000000003806e8c                vex::timer::~timer()
                0x0000000003806e8c                vex::timer::~timer()
 .text._ZN3vex5timer5clearEv
                0x0000000003806e90       0x1c /Applications/VEXcode Pro V5.app/Contents/Resources/sdk/vexv5/libv5rt.a(vex_timer.cpp.obj)
                0x0000000003806e90                vex::timer::clear()
 .text._ZN3vex5timerC2Ev
                0x0000000003806eac       0x14 /Applications/VEXcode Pro V5.app/Contents/Resources/sdk/vexv5/libv5rt.a(vex_timer.cpp.obj)
                0x0000000003806eac                vex::timer::timer()
                0x0000000003806eac                vex::timer::timer()
 .text.vexAdiPortConfigSet
                0x0000000003806ec0       0x28 /Applications/VEXcode Pro V5.app/Contents/Resources/sdk/vexv5/libv5rt.a(v5_apiuser.c.obj)
                0x0000000003806ec0                vexAdiPortConfigSet
 .text.vexAdiPortConfigGet
                0x0000000003806ee8       0x28 /Applications/VEXcode Pro V5.app/Contents/Resources/sdk/vexv5/libv5rt.a(v5_apiuser.c.obj)
                0x0000000003806ee8                vexAdiPortConfigGet
 .text.vexAdiValueSet
                0x0000000003806f10       0x28 /Applications/VEXcode Pro V5.app/Contents/Resources/sdk/vexv5/libv5rt.a(v5_apiuser.c.obj)
                0x0000000003806f10                vexAdiValueSet
 .text.vexAdiValueGet
                0x0000000003806f38       0x20 /Applications/VEXcode Pro V5.app/Contents/Resources/sdk/vexv5/libv5rt.a(v5_apiuser.c.obj)
                0x0000000003806f38                vexAdiValueGet
 .text.vexMotorVelocitySet
                0x0000000003806f58       0x20 /Applications/VEXcode Pro V5.app/Contents/Resources/sdk/vexv5/libv5rt.a(v5_apiuser.c.obj)
                0x0000000003806f58                vexMotorVelocitySet
 .text.vexMotorVoltageSet
                0x0000000003806f78       0x20 /Applications/VEXcode Pro V5.app/Contents/Resources/sdk/vexv5/libv5rt.a(v5_apiuser.c.obj)
                0x0000000003806f78                vexMotorVoltageSet
 .text.vexMotorActualVelocityGet
                0x0000000003806f98       0x24 /Applications/VEXcode Pro V5.app/Contents/Resources/sdk/vexv5/libv5rt.a(v5_apiuser.c.obj)
                0x0000000003806f98                vexMotorActualVelocityGet
 .text.vexMotorReverseFlagSet
                0x0000000003806fbc       0x20 /Applications/VEXcode Pro V5.app/Contents/Resources/sdk/vexv5/libv5rt.a(v5_apiuser.c.obj)
                0x0000000003806fbc                vexMotorReverseFlagSet
 .text.vexMotorEncoderUnitsSet
                0x0000000003806fdc       0x20 /Applications/VEXcode Pro V5.app/Contents/Resources/sdk/vexv5/libv5rt.a(v5_apiuser.c.obj)
                0x0000000003806fdc                vexMotorEncoderUnitsSet
 .text.vexMotorBrakeModeSet
                0x0000000003806ffc       0x20 /Applications/VEXcode Pro V5.app/Contents/Resources/sdk/vexv5/libv5rt.a(v5_apiuser.c.obj)
                0x0000000003806ffc                vexMotorBrakeModeSet
 .text.vexMotorPositionSet
                0x000000000380701c       0x28 /Applications/VEXcode Pro V5.app/Contents/Resources/sdk/vexv5/libv5rt.a(v5_apiuser.c.obj)
                0x000000000380701c                vexMotorPositionSet
 .text.vexMotorPositionGet
                0x0000000003807044       0x24 /Applications/VEXcode Pro V5.app/Contents/Resources/sdk/vexv5/libv5rt.a(v5_apiuser.c.obj)
                0x0000000003807044                vexMotorPositionGet
 .text.vexMotorGearingSet
                0x0000000003807068       0x20 /Applications/VEXcode Pro V5.app/Contents/Resources/sdk/vexv5/libv5rt.a(v5_apiuser.c.obj)
                0x0000000003807068                vexMotorGearingSet
 .text.vexMotorGearingGet
                0x0000000003807088       0x18 /Applications/VEXcode Pro V5.app/Contents/Resources/sdk/vexv5/libv5rt.a(v5_apiuser.c.obj)
                0x0000000003807088                vexMotorGearingGet
 .text.vexVisionModeSet
                0x00000000038070a0       0x20 /Applications/VEXcode Pro V5.app/Contents/Resources/sdk/vexv5/libv5rt.a(v5_apiuser.c.obj)
                0x00000000038070a0                vexVisionModeSet
 .text.vexVisionObjectCountGet
                0x00000000038070c0       0x18 /Applications/VEXcode Pro V5.app/Contents/Resources/sdk/vexv5/libv5rt.a(v5_apiuser.c.obj)
                0x00000000038070c0                vexVisionObjectCountGet
 .text.vexVisionObjectGet
                0x00000000038070d8       0x28 /Applications/VEXcode Pro V5.app/Contents/Resources/sdk/vexv5/libv5rt.a(v5_apiuser.c.obj)
                0x00000000038070d8                vexVisionObjectGet
 .text.vexVisionSignatureSet
                0x0000000003807100       0x20 /Applications/VEXcode Pro V5.app/Contents/Resources/sdk/vexv5/libv5rt.a(v5_apiuser.c.obj)
                0x0000000003807100                vexVisionSignatureSet
 .text.vexVisionBrightnessSet
                0x0000000003807120       0x20 /Applications/VEXcode Pro V5.app/Contents/Resources/sdk/vexv5/libv5rt.a(v5_apiuser.c.obj)
                0x0000000003807120                vexVisionBrightnessSet
 .text.vexVisionLedModeSet
                0x0000000003807140       0x20 /Applications/VEXcode Pro V5.app/Contents/Resources/sdk/vexv5/libv5rt.a(v5_apiuser.c.obj)
                0x0000000003807140                vexVisionLedModeSet
 .text.vexVisionLedColorSet
                0x0000000003807160       0x2c /Applications/VEXcode Pro V5.app/Contents/Resources/sdk/vexv5/libv5rt.a(v5_apiuser.c.obj)
                0x0000000003807160                vexVisionLedColorSet
 .text.vexImuReset
                0x000000000380718c       0x10 /Applications/VEXcode Pro V5.app/Contents/Resources/sdk/vexv5/libv5rt.a(v5_apiuser.c.obj)
                0x000000000380718c                vexImuReset
 .text.vexImuHeadingGet
                0x000000000380719c       0x10 /Applications/VEXcode Pro V5.app/Contents/Resources/sdk/vexv5/libv5rt.a(v5_apiuser.c.obj)
                0x000000000380719c                vexImuHeadingGet
 .text.vexImuDegreesGet
                0x00000000038071ac       0x10 /Applications/VEXcode Pro V5.app/Contents/Resources/sdk/vexv5/libv5rt.a(v5_apiuser.c.obj)
                0x00000000038071ac                vexImuDegreesGet
 .text.vexImuStatusGet
                0x00000000038071bc       0x10 /Applications/VEXcode Pro V5.app/Contents/Resources/sdk/vexv5/libv5rt.a(v5_apiuser.c.obj)
                0x00000000038071bc                vexImuStatusGet
 .text.vexEventMaskSet
                0x00000000038071cc       0x28 /Applications/VEXcode Pro V5.app/Contents/Resources/sdk/vexv5/libv5rt.a(v5_apiuser.c.obj)
                0x00000000038071cc                vexEventMaskSet
 .text.vexEventMaskGet
                0x00000000038071f4       0x18 /Applications/VEXcode Pro V5.app/Contents/Resources/sdk/vexv5/libv5rt.a(v5_apiuser.c.obj)
                0x00000000038071f4                vexEventMaskGet
 .text._ZN3vex6deviceD2Ev
                0x000000000380720c        0x4 /Applications/VEXcode Pro V5.app/Contents/Resources/sdk/vexv5/libv5rt.a(vex_device.cpp.obj)
                0x000000000380720c                vex::device::~device()
                0x000000000380720c                vex::device::~device()
 .text._ZN3vex6device5valueEv
                0x0000000003807210        0x8 /Applications/VEXcode Pro V5.app/Contents/Resources/sdk/vexv5/libv5rt.a(vex_device.cpp.obj)
                0x0000000003807210                vex::device::value()
 .text._ZN3vex6deviceD0Ev
                0x0000000003807218       0x14 /Applications/VEXcode Pro V5.app/Contents/Resources/sdk/vexv5/libv5rt.a(vex_device.cpp.obj)
                0x0000000003807218                vex::device::~device()
 .text._ZN3vex6device4initEl
                0x000000000380722c       0x30 /Applications/VEXcode Pro V5.app/Contents/Resources/sdk/vexv5/libv5rt.a(vex_device.cpp.obj)
                0x000000000380722c                vex::device::init(long)
 .text._ZN3vex6deviceC2El
                0x000000000380725c       0x20 /Applications/VEXcode Pro V5.app/Contents/Resources/sdk/vexv5/libv5rt.a(vex_device.cpp.obj)
                0x000000000380725c                vex::device::device(long)
                0x000000000380725c                vex::device::device(long)
 .text._ZN3vex6device4typeEv
                0x000000000380727c       0x10 /Applications/VEXcode Pro V5.app/Contents/Resources/sdk/vexv5/libv5rt.a(vex_device.cpp.obj)
                0x000000000380727c                vex::device::type()
 .text._ZN3vex6device9installedEv
                0x000000000380728c       0x14 /Applications/VEXcode Pro V5.app/Contents/Resources/sdk/vexv5/libv5rt.a(vex_device.cpp.obj)
                0x000000000380728c                vex::device::installed()
 .text._ZN3vex4taskC2EPFivE
                0x00000000038072a0       0x5c /Applications/VEXcode Pro V5.app/Contents/Resources/sdk/vexv5/libv5rt.a(vex_task.cpp.obj)
                0x00000000038072a0                vex::task::task(int (*)())
                0x00000000038072a0                vex::task::task(int (*)())
 .text._ZN3vex4taskD2Ev
                0x00000000038072fc        0x4 /Applications/VEXcode Pro V5.app/Contents/Resources/sdk/vexv5/libv5rt.a(vex_task.cpp.obj)
                0x00000000038072fc                vex::task::~task()
                0x00000000038072fc                vex::task::~task()
 .text._ZN3vex4task4stopEPvi
                0x0000000003807300       0x1c /Applications/VEXcode Pro V5.app/Contents/Resources/sdk/vexv5/libv5rt.a(vex_task.cpp.obj)
                0x0000000003807300                vex::task::stop(void*, int)
 .text._ZN3vex4task6_indexEPFivE
                0x000000000380731c       0x14 /Applications/VEXcode Pro V5.app/Contents/Resources/sdk/vexv5/libv5rt.a(vex_task.cpp.obj)
                0x000000000380731c                vex::task::_index(int (*)())
 .text._ZN3vex4task8_stopAllEv
                0x0000000003807330       0x3c /Applications/VEXcode Pro V5.app/Contents/Resources/sdk/vexv5/libv5rt.a(vex_task.cpp.obj)
                0x0000000003807330                vex::task::_stopAll()
 .text.__aeabi_memcpy
                0x000000000380736c        0x4 /Applications/VEXcode Pro V5.app/Contents/Resources/sdk/vexv5/gcc/libs/libc.a(lib_a-aeabi_memcpy.o)
                0x000000000380736c                __aeabi_memcpy4
                0x000000000380736c                __aeabi_memcpy
                0x000000000380736c                __aeabi_memcpy8
 .text.__libc_fini_array
                0x0000000003807370       0x30 /Applications/VEXcode Pro V5.app/Contents/Resources/sdk/vexv5/gcc/libs/libc.a(lib_a-fini.o)
                0x0000000003807370                __libc_fini_array
 .text.__libc_init_array
                0x00000000038073a0       0x58 /Applications/VEXcode Pro V5.app/Contents/Resources/sdk/vexv5/gcc/libs/libc.a(lib_a-init.o)
                0x00000000038073a0                __libc_init_array
 .text.memcpy   0x00000000038073f8       0xa8 /Applications/VEXcode Pro V5.app/Contents/Resources/sdk/vexv5/gcc/libs/libc.a(lib_a-memcpy.o)
                0x00000000038073f8                memcpy
 .text.tolower  0x00000000038074a0       0x1c /Applications/VEXcode Pro V5.app/Contents/Resources/sdk/vexv5/gcc/libs/libc.a(lib_a-tolower.o)
                0x00000000038074a0                tolower
 *fill*         0x00000000038074bc        0x4 
 .text.tolower.__stub
                0x00000000038074c0       0x18 linker stubs
 *(.gnu.linkonce.t.*)
 *(.plt)
 *(.gnu_warning)
 *(.gcc_except_table)
 *(.glue_7)
 .glue_7        0x00000000038074d8        0x0 linker stubs
 *(.glue_7t)
 .glue_7t       0x00000000038074d8        0x0 linker stubs
 *(.vfp11_veneer)
 .vfp11_veneer  0x00000000038074d8        0x0 linker stubs
 *(.ARM.extab)
 *(.gnu.linkonce.armextab.*)

.v4_bx          0x00000000038074d8        0x0
 .v4_bx         0x00000000038074d8        0x0 linker stubs

.iplt           0x00000000038074d8        0x0
 .iplt          0x00000000038074d8        0x0 build/src/controller.o

.init
 *(.init)

.fini
 *(.fini)

.rodata         0x00000000038074d8      0x499
                0x00000000038074d8                __rodata_start = .
 *(.rodata)
 *(.rodata.*)
 .rodata.str1.1
                0x00000000038074d8       0x20 build/src/drivetrain.o
 .rodata.str1.1
                0x00000000038074f8        0x8 build/src/indexer.o
 .rodata.str1.1
                0x0000000003807500       0x2d build/src/main.o
 .rodata.str1.1
                0x000000000380752d       0xcd build/src/mapping.o
 .rodata.str1.1
                0x00000000038075fa       0x71 build/src/motionprofile.o
 .rodata.str1.1
                0x000000000380766b        0x9 build/src/preaution.o
 .rodata.str1.1
                0x0000000003807674       0x2e /Applications/VEXcode Pro V5.app/Contents/Resources/sdk/vexv5/libv5rt.a(v5_startup.c.obj)
 *fill*         0x00000000038076a2        0x2 
 .rodata._ZN3vex6PORT20E
                0x00000000038076a4        0x4 /Applications/VEXcode Pro V5.app/Contents/Resources/sdk/vexv5/libv5rt.a(vex_global.cpp.obj)
                0x00000000038076a4                vex::PORT20
 .rodata._ZN3vex6purpleE
                0x00000000038076a8        0x4 /Applications/VEXcode Pro V5.app/Contents/Resources/sdk/vexv5/libv5rt.a(vex_global.cpp.obj)
                0x00000000038076a8                vex::purple
 .rodata._ZN3vex3fwdE
                0x00000000038076ac        0x4 /Applications/VEXcode Pro V5.app/Contents/Resources/sdk/vexv5/libv5rt.a(vex_global.cpp.obj)
                0x00000000038076ac                vex::fwd
 .rodata._ZN3vex4voltE
                0x00000000038076b0        0x4 /Applications/VEXcode Pro V5.app/Contents/Resources/sdk/vexv5/libv5rt.a(vex_global.cpp.obj)
                0x00000000038076b0                vex::volt
 .rodata._ZN3vex6PORT10E
                0x00000000038076b4        0x4 /Applications/VEXcode Pro V5.app/Contents/Resources/sdk/vexv5/libv5rt.a(vex_global.cpp.obj)
                0x00000000038076b4                vex::PORT10
 .rodata._ZN3vex5whiteE
                0x00000000038076b8        0x4 /Applications/VEXcode Pro V5.app/Contents/Resources/sdk/vexv5/libv5rt.a(vex_global.cpp.obj)
                0x00000000038076b8                vex::white
 .rodata._ZN3vex3pctE
                0x00000000038076bc        0x4 /Applications/VEXcode Pro V5.app/Contents/Resources/sdk/vexv5/libv5rt.a(vex_global.cpp.obj)
                0x00000000038076bc                vex::pct
 .rodata._ZN3vex3redE
                0x00000000038076c0        0x4 /Applications/VEXcode Pro V5.app/Contents/Resources/sdk/vexv5/libv5rt.a(vex_global.cpp.obj)
                0x00000000038076c0                vex::red
 .rodata._ZN3vex5blackE
                0x00000000038076c4        0x4 /Applications/VEXcode Pro V5.app/Contents/Resources/sdk/vexv5/libv5rt.a(vex_global.cpp.obj)
                0x00000000038076c4                vex::black
 .rodata._ZN3vex4msecE
                0x00000000038076c8        0x4 /Applications/VEXcode Pro V5.app/Contents/Resources/sdk/vexv5/libv5rt.a(vex_global.cpp.obj)
                0x00000000038076c8                vex::msec
 .rodata._ZN3vex6PORT18E
                0x00000000038076cc        0x4 /Applications/VEXcode Pro V5.app/Contents/Resources/sdk/vexv5/libv5rt.a(vex_global.cpp.obj)
                0x00000000038076cc                vex::PORT18
 .rodata._ZN3vex4blueE
                0x00000000038076d0        0x4 /Applications/VEXcode Pro V5.app/Contents/Resources/sdk/vexv5/libv5rt.a(vex_global.cpp.obj)
                0x00000000038076d0                vex::blue
 .rodata._ZN3vex6PORT21E
                0x00000000038076d4        0x4 /Applications/VEXcode Pro V5.app/Contents/Resources/sdk/vexv5/libv5rt.a(vex_global.cpp.obj)
                0x00000000038076d4                vex::PORT21
 .rodata._ZN3vex5PORT2E
                0x00000000038076d8        0x4 /Applications/VEXcode Pro V5.app/Contents/Resources/sdk/vexv5/libv5rt.a(vex_global.cpp.obj)
                0x00000000038076d8                vex::PORT2
 .rodata._ZN3vex6PORT11E
                0x00000000038076dc        0x4 /Applications/VEXcode Pro V5.app/Contents/Resources/sdk/vexv5/libv5rt.a(vex_global.cpp.obj)
                0x00000000038076dc                vex::PORT11
 .rodata._ZN3vex7primaryE
                0x00000000038076e0        0x4 /Applications/VEXcode Pro V5.app/Contents/Resources/sdk/vexv5/libv5rt.a(vex_global.cpp.obj)
                0x00000000038076e0                vex::primary
 .rodata._ZN3vex3degE
                0x00000000038076e4        0x4 /Applications/VEXcode Pro V5.app/Contents/Resources/sdk/vexv5/libv5rt.a(vex_global.cpp.obj)
                0x00000000038076e4                vex::deg
 .rodata._ZN3vex6prop30E
                0x00000000038076e8        0x4 /Applications/VEXcode Pro V5.app/Contents/Resources/sdk/vexv5/libv5rt.a(vex_global.cpp.obj)
                0x00000000038076e8                vex::prop30
 .rodata._ZN3vex6PORT19E
                0x00000000038076ec        0x4 /Applications/VEXcode Pro V5.app/Contents/Resources/sdk/vexv5/libv5rt.a(vex_global.cpp.obj)
                0x00000000038076ec                vex::PORT19
 .rodata._ZN3vex6PORT22E
                0x00000000038076f0        0x4 /Applications/VEXcode Pro V5.app/Contents/Resources/sdk/vexv5/libv5rt.a(vex_global.cpp.obj)
                0x00000000038076f0                vex::PORT22
 .rodata._ZN3vex4holdE
                0x00000000038076f4        0x4 /Applications/VEXcode Pro V5.app/Contents/Resources/sdk/vexv5/libv5rt.a(vex_global.cpp.obj)
                0x00000000038076f4                vex::hold
 .rodata._ZN3vex6PORT12E
                0x00000000038076f8        0x4 /Applications/VEXcode Pro V5.app/Contents/Resources/sdk/vexv5/libv5rt.a(vex_global.cpp.obj)
                0x00000000038076f8                vex::PORT12
 .rodata._ZN3vex5PORT7E
                0x00000000038076fc        0x4 /Applications/VEXcode Pro V5.app/Contents/Resources/sdk/vexv5/libv5rt.a(vex_global.cpp.obj)
                0x00000000038076fc                vex::PORT7
 .rodata._ZN3vex8ratio6_1E
                0x0000000003807700        0x4 /Applications/VEXcode Pro V5.app/Contents/Resources/sdk/vexv5/libv5rt.a(vex_global.cpp.obj)
                0x0000000003807700                vex::ratio6_1
 .rodata._ZN3vex5brakeE
                0x0000000003807704        0x4 /Applications/VEXcode Pro V5.app/Contents/Resources/sdk/vexv5/libv5rt.a(vex_global.cpp.obj)
                0x0000000003807704                vex::brake
 .rodata._ZN3vex5coastE
                0x0000000003807708        0x4 /Applications/VEXcode Pro V5.app/Contents/Resources/sdk/vexv5/libv5rt.a(vex_global.cpp.obj)
                0x0000000003807708                vex::coast
 .rodata._ZN3vex6PORT13E
                0x000000000380770c        0x4 /Applications/VEXcode Pro V5.app/Contents/Resources/sdk/vexv5/libv5rt.a(vex_global.cpp.obj)
                0x000000000380770c                vex::PORT13
 .rodata._ZTVN3vex5motorE
                0x0000000003807710       0x18 /Applications/VEXcode Pro V5.app/Contents/Resources/sdk/vexv5/libv5rt.a(vex_motor.cpp.obj)
                0x0000000003807710                vtable for vex::motor
 .rodata._ZTVN3vex6visionE
                0x0000000003807728       0x18 /Applications/VEXcode Pro V5.app/Contents/Resources/sdk/vexv5/libv5rt.a(vex_vision.cpp.obj)
                0x0000000003807728                vtable for vex::vision
 .rodata._ZTVN3vex8inertialE
                0x0000000003807740       0x68 /Applications/VEXcode Pro V5.app/Contents/Resources/sdk/vexv5/libv5rt.a(vex_imu.cpp.obj)
                0x0000000003807740                vtable for vex::inertial
 .rodata.CSWTCH.16
                0x00000000038077a8        0xb /Applications/VEXcode Pro V5.app/Contents/Resources/sdk/vexv5/libv5rt.a(vex_controller.cpp.obj)
 .rodata.CSWTCH.18
                0x00000000038077b3        0xb /Applications/VEXcode Pro V5.app/Contents/Resources/sdk/vexv5/libv5rt.a(vex_controller.cpp.obj)
 .rodata.CSWTCH.24
                0x00000000038077be        0x3 /Applications/VEXcode Pro V5.app/Contents/Resources/sdk/vexv5/libv5rt.a(vex_controller.cpp.obj)
 .rodata.str1.1
                0x00000000038077c1       0x14 /Applications/VEXcode Pro V5.app/Contents/Resources/sdk/vexv5/libv5rt.a(vex_thread.cpp.obj)
 .rodata.str1.1
                0x00000000038077d5       0x2d /Applications/VEXcode Pro V5.app/Contents/Resources/sdk/vexv5/libv5rt.a(vex_brain.cpp.obj)
 .rodata.CSWTCH.36
                0x0000000003807802       0x10 /Applications/VEXcode Pro V5.app/Contents/Resources/sdk/vexv5/libv5rt.a(vex_triport.cpp.obj)
 *fill*         0x0000000003807812        0x6 
 .rodata._ZTVN3vex7triportE
                0x0000000003807818       0x18 /Applications/VEXcode Pro V5.app/Contents/Resources/sdk/vexv5/libv5rt.a(vex_triport.cpp.obj)
                0x0000000003807818                vtable for vex::triport
 .rodata.CSWTCH.31
                0x0000000003807830        0xe /Applications/VEXcode Pro V5.app/Contents/Resources/sdk/vexv5/libv5rt.a(vex_triport.cpp.obj)
 *fill*         0x000000000380783e        0x2 
 .rodata._ZTVN3vex6deviceE
                0x0000000003807840       0x18 /Applications/VEXcode Pro V5.app/Contents/Resources/sdk/vexv5/libv5rt.a(vex_device.cpp.obj)
                0x0000000003807840                vtable for vex::device
 .rodata.str1.1
                0x0000000003807858       0x14 /Applications/VEXcode Pro V5.app/Contents/Resources/sdk/vexv5/libv5rt.a(vex_task.cpp.obj)
 .rodata.str1.4
                0x000000000380786c        0x4 /Applications/VEXcode Pro V5.app/Contents/Resources/sdk/vexv5/gcc/libs/libc.a(lib_a-impure.o)
                                          0x2 (size before relaxing)
 .rodata._ctype_
                0x0000000003807870      0x101 /Applications/VEXcode Pro V5.app/Contents/Resources/sdk/vexv5/gcc/libs/libc.a(lib_a-ctype_.o)
                0x0000000003807870                _ctype_
 *(.gnu.linkonce.r.*)
                0x0000000003807971                __rodata_end = .

.rodata1        0x0000000003807971        0x0
                0x0000000003807971                __rodata1_start = .
 *(.rodata1)
 *(.rodata1.*)
                0x0000000003807971                __rodata1_end = .

.sdata2         0x0000000003807971        0x0
                0x0000000003807971                __sdata2_start = .
 *(.sdata2)
 *(.sdata2.*)
 *(.gnu.linkonce.s2.*)
                0x0000000003807971                __sdata2_end = .

.sbss2          0x0000000003807971        0x0
                0x0000000003807971                __sbss2_start = .
 *(.sbss2)
 *(.sbss2.*)
 *(.gnu.linkonce.sb2.*)
                0x0000000003807971                __sbss2_end = .

.data           0x0000000003807978      0x450
                0x0000000003807978                __data_start = .
 *(.data)
 *(.data.*)
 .data.flywheelOverride
                0x0000000003807978        0x1 build/src/flywheel.o
                0x0000000003807978                flywheelOverride
 .data.indexerOverride
                0x0000000003807979        0x1 build/src/indexer.o
                0x0000000003807979                indexerOverride
 .data.intakeState
                0x000000000380797a        0x1 build/src/intake.o
                0x000000000380797a                intakeState
 .data.redSide  0x000000000380797b        0x1 build/src/main.o
                0x000000000380797b                redSide
 .data.spacing  0x000000000380797c        0x4 build/src/main.o
                0x000000000380797c                spacing
 .data.xSize    0x0000000003807980        0x4 build/src/main.o
                0x0000000003807980                xSize
 .data.ySize    0x0000000003807984        0x4 build/src/main.o
                0x0000000003807984                ySize
 .data.appRunning
                0x0000000003807988        0x4 /Applications/VEXcode Pro V5.app/Contents/Resources/sdk/vexv5/libv5rt.a(v5_startup.c.obj)
                0x0000000003807988                appRunning
 .data.__yoff   0x000000000380798c        0x4 /Applications/VEXcode Pro V5.app/Contents/Resources/sdk/vexv5/libv5rt.a(v5_apijump.c.obj)
 .data._ZN3vex24__default_motor_velocityE